################################################################################
#                                                                              #
#      IAR Universal Linker V5.0.2.5/W32                                       #
#                                                                              #
#           Link time     =  20/Feb/2017  16:58:21                             #
#           Target CPU    =  MSP430                                            #
#           List file     =  "C:\Users\Raúl\Desktop\Projecte\Tot funciona bé\e #
#                            Z430-RF2500 Wireless Sensor Monitor - timer\Embed #
#                            ded\IAR\CC2500 Sensor Demo-End Device\List\Sensor #
#                            _Demo_AP_as_Data_Hub.map"                         #
#           Output file 1 =  "C:\Users\Raúl\Desktop\Projecte\Tot funciona bé\e #
#                            Z430-RF2500 Wireless Sensor Monitor - timer\Embed #
#                            ded\IAR\CC2500 Sensor Demo-End Device\Exe\Sensor_ #
#                            Demo_AP_as_Data_Hub.d43"                          #
#                            Format: debug                                     #
#                            UBROF version 10.0.3                              #
#                            Using library modules for C-SPY (-rt)             #
#           Command line  =  "C:\Users\Raúl\Desktop\Projecte\Tot funciona bé\e #
#                            Z430-RF2500 Wireless Sensor Monitor - timer\Embed #
#                            ded\IAR\CC2500 Sensor Demo-End Device\Obj\bsp.r43 #
#                            "                                                 #
#                            "C:\Users\Raúl\Desktop\Projecte\Tot funciona bé\e #
#                            Z430-RF2500 Wireless Sensor Monitor - timer\Embed #
#                            ded\IAR\CC2500 Sensor Demo-End Device\Obj\main_ED #
#                            .r43"                                             #
#                            "C:\Users\Raúl\Desktop\Projecte\Tot funciona bé\e #
#                            Z430-RF2500 Wireless Sensor Monitor - timer\Embed #
#                            ded\IAR\CC2500 Sensor Demo-End Device\Obj\mrfi.r4 #
#                            3"                                                #
#                            "C:\Users\Raúl\Desktop\Projecte\Tot funciona bé\e #
#                            Z430-RF2500 Wireless Sensor Monitor - timer\Embed #
#                            ded\IAR\CC2500 Sensor Demo-End Device\Obj\nwk.r43 #
#                            "                                                 #
#                            "C:\Users\Raúl\Desktop\Projecte\Tot funciona bé\e #
#                            Z430-RF2500 Wireless Sensor Monitor - timer\Embed #
#                            ded\IAR\CC2500 Sensor Demo-End Device\Obj\nwk_QMg #
#                            mt.r43"                                           #
#                            "C:\Users\Raúl\Desktop\Projecte\Tot funciona bé\e #
#                            Z430-RF2500 Wireless Sensor Monitor - timer\Embed #
#                            ded\IAR\CC2500 Sensor Demo-End Device\Obj\nwk_api #
#                            .r43"                                             #
#                            "C:\Users\Raúl\Desktop\Projecte\Tot funciona bé\e #
#                            Z430-RF2500 Wireless Sensor Monitor - timer\Embed #
#                            ded\IAR\CC2500 Sensor Demo-End Device\Obj\nwk_fra #
#                            me.r43"                                           #
#                            "C:\Users\Raúl\Desktop\Projecte\Tot funciona bé\e #
#                            Z430-RF2500 Wireless Sensor Monitor - timer\Embed #
#                            ded\IAR\CC2500 Sensor Demo-End Device\Obj\nwk_fre #
#                            q.r43"                                            #
#                            "C:\Users\Raúl\Desktop\Projecte\Tot funciona bé\e #
#                            Z430-RF2500 Wireless Sensor Monitor - timer\Embed #
#                            ded\IAR\CC2500 Sensor Demo-End Device\Obj\nwk_glo #
#                            bals.r43"                                         #
#                            "C:\Users\Raúl\Desktop\Projecte\Tot funciona bé\e #
#                            Z430-RF2500 Wireless Sensor Monitor - timer\Embed #
#                            ded\IAR\CC2500 Sensor Demo-End Device\Obj\nwk_ioc #
#                            tl.r43"                                           #
#                            "C:\Users\Raúl\Desktop\Projecte\Tot funciona bé\e #
#                            Z430-RF2500 Wireless Sensor Monitor - timer\Embed #
#                            ded\IAR\CC2500 Sensor Demo-End Device\Obj\nwk_joi #
#                            n.r43"                                            #
#                            "C:\Users\Raúl\Desktop\Projecte\Tot funciona bé\e #
#                            Z430-RF2500 Wireless Sensor Monitor - timer\Embed #
#                            ded\IAR\CC2500 Sensor Demo-End Device\Obj\nwk_lin #
#                            k.r43"                                            #
#                            "C:\Users\Raúl\Desktop\Projecte\Tot funciona bé\e #
#                            Z430-RF2500 Wireless Sensor Monitor - timer\Embed #
#                            ded\IAR\CC2500 Sensor Demo-End Device\Obj\nwk_mgm #
#                            t.r43"                                            #
#                            "C:\Users\Raúl\Desktop\Projecte\Tot funciona bé\e #
#                            Z430-RF2500 Wireless Sensor Monitor - timer\Embed #
#                            ded\IAR\CC2500 Sensor Demo-End Device\Obj\nwk_pin #
#                            g.r43"                                            #
#                            "C:\Users\Raúl\Desktop\Projecte\Tot funciona bé\e #
#                            Z430-RF2500 Wireless Sensor Monitor - timer\Embed #
#                            ded\IAR\CC2500 Sensor Demo-End Device\Obj\nwk_sec #
#                            urity.r43"                                        #
#                            "C:\Users\Raúl\Desktop\Projecte\Tot funciona bé\e #
#                            Z430-RF2500 Wireless Sensor Monitor - timer\Embed #
#                            ded\IAR\CC2500 Sensor Demo-End Device\Obj\virtual #
#                            _com_cmds.r43"                                    #
#                            "C:\Users\Raúl\Desktop\Projecte\Tot funciona bé\e #
#                            Z430-RF2500 Wireless Sensor Monitor - timer\Embed #
#                            ded\IAR\CC2500 Sensor Demo-End Device\Obj\vlo_ran #
#                            d.r43"                                            #
#                            -o                                                #
#                            "C:\Users\Raúl\Desktop\Projecte\Tot funciona bé\e #
#                            Z430-RF2500 Wireless Sensor Monitor - timer\Embed #
#                            ded\IAR\CC2500 Sensor Demo-End Device\Exe\Sensor_ #
#                            Demo_AP_as_Data_Hub.d43"                          #
#                            -l                                                #
#                            "C:\Users\Raúl\Desktop\Projecte\Tot funciona bé\e #
#                            Z430-RF2500 Wireless Sensor Monitor - timer\Embed #
#                            ded\IAR\CC2500 Sensor Demo-End Device\List\Sensor #
#                            _Demo_AP_as_Data_Hub.map"                         #
#                            -xmsnio                                           #
#                            "-IC:\Program Files (x86)\IAR Systems\Embedded Wo #
#                            rkbench 6.0\430\LIB\"                             #
#                            -f                                                #
#                            "C:\Program Files (x86)\IAR Systems\Embedded Work #
#                            bench 6.0\430\CONFIG\lnk430F2274.xcl"             #
#                            (-cmsp430 -QCODE_I=CODE_ID                        #
#                            -Z(DATA)DATA16_I,DATA16_Z,DATA16_N,DATA16_HEAP+_D #
#                            ATA16_HEAP_SIZE=0200-05FF                         #
#                            -Z(DATA)CODE_I -Z(DATA)CSTACK+_STACK_SIZE#        #
#                            -Z(CONST)INFO=1000-10FF                           #
#                            -Z(CONST)INFOA=10C0-10FF                          #
#                            -Z(CONST)INFOB=1080-10BF                          #
#                            -Z(CONST)INFOC=1040-107F                          #
#                            -Z(CONST)INFOD=1000-103F                          #
#                            -Z(CONST)DATA16_C,DATA16_ID,DIFUNCT,CHECKSUM=8000 #
#                            -FFDF                                             #
#                            -Z(CODE)CSTART,ISR_CODE,CODE_ID=8000-FFDF         #
#                            -P(CODE)CODE=8000-FFDF -Z(CODE)INTVEC=FFE0-FFFF   #
#                            -Z(CODE)RESET=FFFE-FFFF) -D_STACK_SIZE=C8 -rt     #
#                            "C:\Program Files (x86)\IAR Systems\Embedded Work #
#                            bench 6.0\430\LIB\CLIB\cl430f.r43"                #
#                            -D_DATA16_HEAP_SIZE=0 -s __program_start          #
#                            -D_DATA20_HEAP_SIZE=50                            #
#                                                                              #
#                           Copyright (C) 1987-2010 IAR Systems AB.            #
################################################################################





                ****************************************
                *                                      *
                *           CROSS REFERENCE            *
                *                                      *
                ****************************************

       Program entry at :           808A  Relocatable, from module : ?cstart




                ****************************************
                *                                      *
                *            RUNTIME MODEL             *
                *                                      *
                ****************************************

  __SystemLibrary = CLib
  __core          = 430
  __double_size   = 32
  __pic           = no
  __reg_r4        = free
  __reg_r5        = free
  __rt_version    = 3



                ****************************************
                *                                      *
                *              MODULE MAP              *
                *                                      *
                ****************************************


  DEFINED ABSOLUTE ENTRIES
    *************************************************************************

  DEFINED ABSOLUTE ENTRIES
  PROGRAM MODULE, NAME : ?ABS_ENTRY_MOD

Absolute parts
           ENTRY                   ADDRESS         REF BY
           =====                   =======         ======
           _DATA20_HEAP_SIZE       0050 
           _DATA16_HEAP_SIZE       0000 
           _STACK_SIZE             00C8 
    *************************************************************************

  FILE NAME : C:\Users\Raúl\Desktop\Projecte\Tot funciona bé\eZ430-RF2500 Wireless Sensor Monitor - timer\Embedded\IAR\CC2500 Sensor Demo-End Device\Obj\bsp.r43
  PROGRAM MODULE, NAME : bsp

  SEGMENTS IN THE MODULE
  ======================
DATA16_AN
  Relative segment, address: 0056 - 0056 (0x1 bytes), align: 0
  Segment part 1. ROOT.       Intra module refs:   BSP_InitBoard
                                                   createRandomAddress (main_ED)
           ENTRY                   ADDRESS         REF BY
           =====                   =======         ======
           DCOCTL                  0056 
    -------------------------------------------------------------------------
DATA16_AN
  Relative segment, address: 0057 - 0057 (0x1 bytes), align: 0
  Segment part 2. ROOT.       Intra module refs:   BSP_InitBoard
                                                   createRandomAddress (main_ED)
           ENTRY                   ADDRESS         REF BY
           =====                   =======         ======
           BCSCTL1                 0057 
    -------------------------------------------------------------------------
DATA16_AN
  Relative segment, address: 0021 - 0021 (0x1 bytes), align: 0
  Segment part 3. ROOT.       Intra module refs:   BSP_InitButtons
                                                   BSP_InitLeds
                                                   linkTo (main_ED)
                                                   main (main_ED)
           ENTRY                   ADDRESS         REF BY
           =====                   =======         ======
           P1OUT                   0021 
    -------------------------------------------------------------------------
DATA16_AN
  Relative segment, address: 0022 - 0022 (0x1 bytes), align: 0
  Segment part 4. ROOT.       Intra module refs:   BSP_InitLeds
           ENTRY                   ADDRESS         REF BY
           =====                   =======         ======
           P1DIR                   0022 
    -------------------------------------------------------------------------
DATA16_AN
  Relative segment, address: 0027 - 0027 (0x1 bytes), align: 0
  Segment part 5. ROOT.       Intra module refs:   BSP_InitButtons
           ENTRY                   ADDRESS         REF BY
           =====                   =======         ======
           P1REN                   0027 
    -------------------------------------------------------------------------
DATA16_AN
  Relative segment, address: 0160 - 0161 (0x2 bytes), align: 0
  Segment part 6. ROOT.       Intra module refs:   BSP_InitBoard
                                                   main (main_ED)
           ENTRY                   ADDRESS         REF BY
           =====                   =======         ======
           TACTL                   0160 
    -------------------------------------------------------------------------
DATA16_AN
  Relative segment, address: 0120 - 0121 (0x2 bytes), align: 0
  Segment part 7. ROOT.       Intra module refs:   __low_level_init
           ENTRY                   ADDRESS         REF BY
           =====                   =======         ======
           WDTCTL                  0120 
    -------------------------------------------------------------------------
DATA16_AN
  Relative segment, address: 10FC - 10FC (0x1 bytes), align: 0
  Segment part 8. ROOT.       Intra module refs:   BSP_InitBoard
           ENTRY                   ADDRESS         REF BY
           =====                   =======         ======
           CALDCO_8MHZ             10FC 
    -------------------------------------------------------------------------
DATA16_AN
  Relative segment, address: 10FD - 10FD (0x1 bytes), align: 0
  Segment part 9. ROOT.       Intra module refs:   BSP_InitBoard
           ENTRY                   ADDRESS         REF BY
           =====                   =======         ======
           CALBC1_8MHZ             10FD 
    -------------------------------------------------------------------------
<CODE> 1 (was CODE)
  Relative segment, address: 9E5C - 9E73 (0x18 bytes), align: 1
  Segment part 18.
           ENTRY                   ADDRESS         REF BY
           =====                   =======         ======
           BSP_Init                9E5C            main (main_ED)
               calls direct
               CSTACK = 00000000 ( 00000004 )
    -------------------------------------------------------------------------
DATA16_Z
  Relative segment, address: 0240 - 0240 (0x1 bytes), align: 0
  Segment part 11.            Intra module refs:   BSP_Delay
                                                   BSP_InitBoard
           LOCAL                   ADDRESS         
           =====                   =======         
           sIterationsPerUsec      0240 
    -------------------------------------------------------------------------
<CODE> 1 (was CODE)
  Relative segment, address: A03E - A047 (0xa bytes), align: 1
  Segment part 17. ROOT.
           ENTRY                   ADDRESS         REF BY
           =====                   =======         ======
           __low_level_init        A03E            ?cstart_call_low_level_init (?cstart)
               CSTACK = 00000000 ( 00000002 )
    -------------------------------------------------------------------------
<CODE> 1 (was CODE)
  Relative segment, address: 9D5C - 9D7B (0x20 bytes), align: 1
  Segment part 16.            Intra module refs:   BSP_Init
           ENTRY                   ADDRESS         REF BY
           =====                   =======         ======
           BSP_InitBoard           9D5C 
               CSTACK = 00000000 ( 00000002 )
    -------------------------------------------------------------------------
<CODE> 1 (was CODE)
  Relative segment, address: 9CF8 - 9D19 (0x22 bytes), align: 1
  Segment part 15.
           ENTRY                   ADDRESS         REF BY
           =====                   =======         ======
           BSP_Delay               9CF8            ?Subroutine9 (mrfi)
               CSTACK = 00000000 ( 00000004 )
    -------------------------------------------------------------------------
CODE
  Segment part 14. NOT NEEDED.
           ENTRY                   ADDRESS         REF BY
           =====                   =======         ======
           BSP_InitDrivers         
               calls direct
    -------------------------------------------------------------------------
<CODE> 1 (was CODE)
  Relative segment, address: 9F0A - 9F1B (0x12 bytes), align: 1
  Segment part 13.            Intra module refs:   BSP_Init
           ENTRY                   ADDRESS         REF BY
           =====                   =======         ======
           BSP_InitLeds            9F0A 
               CSTACK = 00000000 ( 00000002 )
    -------------------------------------------------------------------------
<CODE> 1 (was CODE)
  Relative segment, address: A00C - A015 (0xa bytes), align: 1
  Segment part 12.            Intra module refs:   BSP_Init
           ENTRY                   ADDRESS         REF BY
           =====                   =======         ======
           BSP_InitButtons         A00C 
               CSTACK = 00000000 ( 00000002 )
    -------------------------------------------------------------------------
CSTACK
  Segment part 10. NOT NEEDED.
    -------------------------------------------------------------------------
CODE
  Segment part 19. NOT NEEDED.
           ENTRY                   ADDRESS         REF BY
           =====                   =======         ======
           ?setjmp_save_r4         
    -------------------------------------------------------------------------
CODE
  Segment part 20. NOT NEEDED.
           ENTRY                   ADDRESS         REF BY
           =====                   =======         ======
           ?setjmp_save_r5         

    *************************************************************************

  FILE NAME : C:\Users\Raúl\Desktop\Projecte\Tot funciona bé\eZ430-RF2500 Wireless Sensor Monitor - timer\Embedded\IAR\CC2500 Sensor Demo-End Device\Obj\main_ED.r43
  PROGRAM MODULE, NAME : main_ED

  SEGMENTS IN THE MODULE
  ======================
DATA16_AN
  Relative segment, address: 004A - 004A (0x1 bytes), align: 0
  Segment part 1. ROOT.       Intra module refs:   linkTo
           ENTRY                   ADDRESS         REF BY
           =====                   =======         ======
           ADC10AE0                004A 
    -------------------------------------------------------------------------
DATA16_AN
  Relative segment, address: 01B0 - 01B1 (0x2 bytes), align: 0
  Segment part 2. ROOT.       Intra module refs:   linkTo
           ENTRY                   ADDRESS         REF BY
           =====                   =======         ======
           ADC10CTL0               01B0 
    -------------------------------------------------------------------------
DATA16_AN
  Relative segment, address: 01B2 - 01B3 (0x2 bytes), align: 0
  Segment part 3. ROOT.       Intra module refs:   linkTo
           ENTRY                   ADDRESS         REF BY
           =====                   =======         ======
           ADC10CTL1               01B2 
    -------------------------------------------------------------------------
DATA16_AN
  Relative segment, address: 01B4 - 01B5 (0x2 bytes), align: 0
  Segment part 4. ROOT.       Intra module refs:   linkTo
           ENTRY                   ADDRESS         REF BY
           =====                   =======         ======
           ADC10MEM                01B4 
    -------------------------------------------------------------------------
DATA16_AN
  Segment part 5. TENTATIVE. Used definition from bsp
           ENTRY                   ADDRESS         REF BY
           =====                   =======         ======
           DCOCTL                  
    -------------------------------------------------------------------------
DATA16_AN
  Segment part 6. TENTATIVE. Used definition from bsp
           ENTRY                   ADDRESS         REF BY
           =====                   =======         ======
           BCSCTL1                 
    -------------------------------------------------------------------------
DATA16_AN
  Relative segment, address: 0053 - 0053 (0x1 bytes), align: 0
  Segment part 7. ROOT.       Intra module refs:   main
           ENTRY                   ADDRESS         REF BY
           =====                   =======         ======
           BCSCTL3                 0053 
    -------------------------------------------------------------------------
DATA16_AN
  Relative segment, address: 0128 - 0129 (0x2 bytes), align: 0
  Segment part 8. ROOT.       Intra module refs:   createRandomAddress
           ENTRY                   ADDRESS         REF BY
           =====                   =======         ======
           FCTL1                   0128 
    -------------------------------------------------------------------------
DATA16_AN
  Relative segment, address: 012A - 012B (0x2 bytes), align: 0
  Segment part 9. ROOT.       Intra module refs:   createRandomAddress
           ENTRY                   ADDRESS         REF BY
           =====                   =======         ======
           FCTL2                   012A 
    -------------------------------------------------------------------------
DATA16_AN
  Relative segment, address: 012C - 012D (0x2 bytes), align: 0
  Segment part 10. ROOT.      Intra module refs:   createRandomAddress
           ENTRY                   ADDRESS         REF BY
           =====                   =======         ======
           FCTL3                   012C 
    -------------------------------------------------------------------------
DATA16_AN
  Segment part 11. TENTATIVE. Used definition from bsp
           ENTRY                   ADDRESS         REF BY
           =====                   =======         ======
           P1OUT                   
    -------------------------------------------------------------------------
DATA16_AN
  Relative segment, address: 002A - 002A (0x1 bytes), align: 0
  Segment part 12. ROOT.      Intra module refs:   linkTo
           ENTRY                   ADDRESS         REF BY
           =====                   =======         ======
           P2DIR                   002A 
    -------------------------------------------------------------------------
DATA16_AN
  Segment part 13. TENTATIVE. Used definition from bsp
           ENTRY                   ADDRESS         REF BY
           =====                   =======         ======
           TACTL                   
    -------------------------------------------------------------------------
DATA16_AN
  Relative segment, address: 0162 - 0163 (0x2 bytes), align: 0
  Segment part 14. ROOT.      Intra module refs:   main
           ENTRY                   ADDRESS         REF BY
           =====                   =======         ======
           TACCTL0                 0162 
    -------------------------------------------------------------------------
DATA16_AN
  Relative segment, address: 0172 - 0173 (0x2 bytes), align: 0
  Segment part 15. ROOT.      Intra module refs:   main
           ENTRY                   ADDRESS         REF BY
           =====                   =======         ======
           TACCR0                  0172 
    -------------------------------------------------------------------------
DATA16_AN
  Relative segment, address: 10FE - 10FE (0x1 bytes), align: 0
  Segment part 16. ROOT.      Intra module refs:   createRandomAddress
           ENTRY                   ADDRESS         REF BY
           =====                   =======         ======
           CALDCO_1MHZ             10FE 
    -------------------------------------------------------------------------
DATA16_AN
  Relative segment, address: 10FF - 10FF (0x1 bytes), align: 0
  Segment part 17. ROOT.      Intra module refs:   createRandomAddress
           ENTRY                   ADDRESS         REF BY
           =====                   =======         ======
           CALBC1_1MHZ             10FF 
    -------------------------------------------------------------------------
DATA16_Z
  Relative segment, address: 0241 - 0241 (0x1 bytes), align: 0
  Segment part 21.            Intra module refs:   linkTo
           LOCAL                   ADDRESS         
           =====                   =======         
           sLinkID1                0241 
    -------------------------------------------------------------------------
DATA16_I
  Segment part 22. NOT NEEDED.
           ENTRY                   ADDRESS         REF BY
           =====                   =======         ======
           tempOffset              
    -------------------------------------------------------------------------
DATA16_I
  Relative segment, address: 0200 - 0201 (0x2 bytes), align: 1
  Segment part 24.            Intra module refs:   createRandomAddress
                                                   main
           ENTRY                   ADDRESS         REF BY
           =====                   =======         ======
           Flash_Addr              0200 
    -------------------------------------------------------------------------
DATA16_Z
  Relative segment, address: 0242 - 0242 (0x1 bytes), align: 0
  Segment part 26.            Intra module refs:   Timer_A
                                                   linkTo
           LOCAL                   ADDRESS         
           =====                   =======         
           sSelfMeasureSem         0242 
    -------------------------------------------------------------------------
<CODE> 1 (was CODE)
  Relative segment, address: 9556 - 95D7 (0x82 bytes), align: 1
  Segment part 38.
           ENTRY                   ADDRESS         REF BY
           =====                   =======         ======
           main                    9556            Segment part 14 (?cstart)
               calls direct
               CSTACK = 00000000 ( 00000006 )
    -------------------------------------------------------------------------
<CODE> 1 (was CODE)
  Relative segment, address: 9FB8 - 9FC5 (0xe bytes), align: 1
  Segment part 39.            Intra module refs:   linkTo
                                                   main
           LOCAL                   ADDRESS         
           =====                   =======         
           ?Subroutine5            9FB8 
    -------------------------------------------------------------------------
<CODE> 1 (was CODE)
  Relative segment, address: 8B34 - 8C4B (0x118 bytes), align: 1
  Segment part 30.            Intra module refs:   main
           LOCAL                   ADDRESS         
           =====                   =======         
           linkTo                  8B34 
               calls direct
               CSTACK = 00000000 ( 0000001C )
    -------------------------------------------------------------------------
<CODE> 1 (was CODE)
  Relative segment, address: 9F40 - 9F4F (0x10 bytes), align: 1
  Segment part 31.            Intra module refs:   linkTo
           LOCAL                   ADDRESS         
           =====                   =======         
           ?Subroutine4            9F40 
    -------------------------------------------------------------------------
<CODE> 1 (was CODE)
  Relative segment, address: 9FC6 - 9FD1 (0xc bytes), align: 1
  Segment part 32.            Intra module refs:   linkTo
           LOCAL                   ADDRESS         
           =====                   =======         
           ?Subroutine3            9FC6 
    -------------------------------------------------------------------------
<CODE> 1 (was CODE)
  Relative segment, address: A050 - A055 (0x6 bytes), align: 1
  Segment part 33.            Intra module refs:   linkTo
           LOCAL                   ADDRESS         
           =====                   =======         
           ?Subroutine2            A050 
    -------------------------------------------------------------------------
<CODE> 1 (was CODE)
  Relative segment, address: 9F80 - 9F8D (0xe bytes), align: 1
  Segment part 34.            Intra module refs:   ?Subroutine0
                                                   ?Subroutine2
           LOCAL                   ADDRESS         
           =====                   =======         
           ?Subroutine6            9F80 
    -------------------------------------------------------------------------
<CODE> 1 (was CODE)
  Relative segment, address: A020 - A029 (0xa bytes), align: 1
  Segment part 35.            Intra module refs:   ?Subroutine0
                                                   ?Subroutine6
                                                   linkTo
           LOCAL                   ADDRESS         
           =====                   =======         
           ?Subroutine7            A020 
    -------------------------------------------------------------------------
<CODE> 1 (was CODE)
  Relative segment, address: 9F60 - 9F6F (0x10 bytes), align: 1
  Segment part 36.            Intra module refs:   linkTo
           LOCAL                   ADDRESS         
           =====                   =======         
           ?Subroutine1            9F60 
    -------------------------------------------------------------------------
<CODE> 1 (was CODE)
  Relative segment, address: 984E - 9899 (0x4c bytes), align: 1
  Segment part 37.            Intra module refs:   linkTo
           LOCAL                   ADDRESS         
           =====                   =======         
           ?Subroutine0            984E 
    -------------------------------------------------------------------------
<CODE> 1 (was CODE)
  Relative segment, address: 96D2 - 973F (0x6e bytes), align: 1
  Segment part 29.            Intra module refs:   main
           ENTRY                   ADDRESS         REF BY
           =====                   =======         ======
           createRandomAddress     96D2 
               calls direct
               CSTACK = 00000000 ( 00000004 )
    -------------------------------------------------------------------------
<CODE> 1 (was CODE)
  Relative segment, address: A048 - A04F (0x8 bytes), align: 1
  Segment part 28.            Intra module refs:   ADC10_ISR::??INTVEC 10
           ENTRY                   ADDRESS         REF BY
           =====                   =======         ======
           ADC10_ISR               A048 
               interrupt function
               CSTACK = 00000000 ( 00000004 )
    -------------------------------------------------------------------------
<CODE> 1 (was CODE)
  Relative segment, address: 9FD2 - 9FDD (0xc bytes), align: 1
  Segment part 27.            Intra module refs:   Timer_A::??INTVEC 18
           ENTRY                   ADDRESS         REF BY
           =====                   =======         ======
           Timer_A                 9FD2 
               interrupt function
               CSTACK = 00000000 ( 00000004 )
    -------------------------------------------------------------------------
INTVEC
  Common segment, address: FFE0 - FFEB (0xc bytes), align: 1
  Segment part 18. ROOT.
           ENTRY                   ADDRESS         REF BY
           =====                   =======         ======
           ADC10_ISR::??INTVEC 10
                                   FFEA 
    -------------------------------------------------------------------------
INTVEC
  Common segment, address: FFE0 - FFF3 (0x14 bytes), align: 1
  Segment part 19. ROOT.
           ENTRY                   ADDRESS         REF BY
           =====                   =======         ======
           Timer_A::??INTVEC 18    FFF2 
    -------------------------------------------------------------------------
CSTACK
  Segment part 20. NOT NEEDED.
    -------------------------------------------------------------------------
DATA16_ID
  Segment part 23. NOT NEEDED.
    -------------------------------------------------------------------------
DATA16_ID
  Relative segment, address: 805C - 805D (0x2 bytes), align: 1
  Segment part 25.            Intra module refs:   Flash_Addr
    -------------------------------------------------------------------------
CODE
  Segment part 40. TENTATIVE. Used definition from bsp
           ENTRY                   ADDRESS         REF BY
           =====                   =======         ======
           ?setjmp_save_r4         
    -------------------------------------------------------------------------
CODE
  Segment part 41. TENTATIVE. Used definition from bsp
           ENTRY                   ADDRESS         REF BY
           =====                   =======         ======
           ?setjmp_save_r5         

    *************************************************************************

  FILE NAME : C:\Users\Raúl\Desktop\Projecte\Tot funciona bé\eZ430-RF2500 Wireless Sensor Monitor - timer\Embedded\IAR\CC2500 Sensor Demo-End Device\Obj\mrfi.r43
  PROGRAM MODULE, NAME : mrfi

  SEGMENTS IN THE MODULE
  ======================
DATA16_AN
  Relative segment, address: 0003 - 0003 (0x1 bytes), align: 0
  Segment part 1. ROOT.       Intra module refs:   MRFI_Init
                                                   mrfiSpiCmdStrobe
                                                   spiBurstFifoAccess
                                                   spiRegAccess
           ENTRY                   ADDRESS         REF BY
           =====                   =======         ======
           IFG2                    0003 
    -------------------------------------------------------------------------
DATA16_AN
  Relative segment, address: 0028 - 0028 (0x1 bytes), align: 0
  Segment part 2. ROOT.       Intra module refs:   MRFI_Transmit
           ENTRY                   ADDRESS         REF BY
           =====                   =======         ======
           P2IN                    0028 
    -------------------------------------------------------------------------
DATA16_AN
  Relative segment, address: 002B - 002B (0x1 bytes), align: 0
  Segment part 3. ROOT.       Intra module refs:   MRFI_GpioIsr
                                                   MRFI_Init
                                                   MRFI_Transmit
                                                   Mrfi_RxModeOff
                                                   Mrfi_RxModeOn
           ENTRY                   ADDRESS         REF BY
           =====                   =======         ======
           P2IFG                   002B 
    -------------------------------------------------------------------------
DATA16_AN
  Relative segment, address: 002C - 002C (0x1 bytes), align: 0
  Segment part 4. ROOT.       Intra module refs:   MRFI_Init
           ENTRY                   ADDRESS         REF BY
           =====                   =======         ======
           P2IES                   002C 
    -------------------------------------------------------------------------
DATA16_AN
  Relative segment, address: 002D - 002D (0x1 bytes), align: 0
  Segment part 5. ROOT.       Intra module refs:   MRFI_GpioIsr
                                                   Mrfi_RxModeOff
                                                   Mrfi_RxModeOn
           ENTRY                   ADDRESS         REF BY
           =====                   =======         ======
           P2IE                    002D 
    -------------------------------------------------------------------------
DATA16_AN
  Relative segment, address: 002E - 002E (0x1 bytes), align: 0
  Segment part 6. ROOT.       Intra module refs:   MRFI_Init
           ENTRY                   ADDRESS         REF BY
           =====                   =======         ======
           P2SEL                   002E 
    -------------------------------------------------------------------------
DATA16_AN
  Relative segment, address: 0018 - 0018 (0x1 bytes), align: 0
  Segment part 7. ROOT.       Intra module refs:   MRFI_Init
                                                   MRFI_WakeUp
           ENTRY                   ADDRESS         REF BY
           =====                   =======         ======
           P3IN                    0018 
    -------------------------------------------------------------------------
DATA16_AN
  Relative segment, address: 0019 - 0019 (0x1 bytes), align: 0
  Segment part 8. ROOT.       Intra module refs:   MRFI_Init
                                                   MRFI_WakeUp
                                                   mrfiSpiCmdStrobe
                                                   mrfiSpiInit
                                                   spiBurstFifoAccess
                                                   spiRegAccess
           ENTRY                   ADDRESS         REF BY
           =====                   =======         ======
           P3OUT                   0019 
    -------------------------------------------------------------------------
DATA16_AN
  Relative segment, address: 001A - 001A (0x1 bytes), align: 0
  Segment part 9. ROOT.       Intra module refs:   mrfiSpiInit
           ENTRY                   ADDRESS         REF BY
           =====                   =======         ======
           P3DIR                   001A 
    -------------------------------------------------------------------------
DATA16_AN
  Relative segment, address: 001B - 001B (0x1 bytes), align: 0
  Segment part 10. ROOT.      Intra module refs:   mrfiSpiInit
           ENTRY                   ADDRESS         REF BY
           =====                   =======         ======
           P3SEL                   001B 
    -------------------------------------------------------------------------
DATA16_AN
  Relative segment, address: 0068 - 0068 (0x1 bytes), align: 0
  Segment part 11. ROOT.      Intra module refs:   mrfiSpiCmdStrobe
                                                   mrfiSpiInit
                                                   spiBurstFifoAccess
                                                   spiRegAccess
           ENTRY                   ADDRESS         REF BY
           =====                   =======         ======
           UCB0CTL0                0068 
    -------------------------------------------------------------------------
DATA16_AN
  Relative segment, address: 0069 - 0069 (0x1 bytes), align: 0
  Segment part 12. ROOT.      Intra module refs:   mrfiSpiInit
           ENTRY                   ADDRESS         REF BY
           =====                   =======         ======
           UCB0CTL1                0069 
    -------------------------------------------------------------------------
DATA16_AN
  Relative segment, address: 006A - 006A (0x1 bytes), align: 0
  Segment part 13. ROOT.      Intra module refs:   mrfiSpiInit
           ENTRY                   ADDRESS         REF BY
           =====                   =======         ======
           UCB0BR0                 006A 
    -------------------------------------------------------------------------
DATA16_AN
  Relative segment, address: 006B - 006B (0x1 bytes), align: 0
  Segment part 14. ROOT.      Intra module refs:   mrfiSpiInit
           ENTRY                   ADDRESS         REF BY
           =====                   =======         ======
           UCB0BR1                 006B 
    -------------------------------------------------------------------------
DATA16_AN
  Relative segment, address: 006E - 006E (0x1 bytes), align: 0
  Segment part 15. ROOT.      Intra module refs:   mrfiSpiCmdStrobe
                                                   spiBurstFifoAccess
                                                   spiRegAccess
           ENTRY                   ADDRESS         REF BY
           =====                   =======         ======
           UCB0RXBUF               006E 
    -------------------------------------------------------------------------
DATA16_AN
  Relative segment, address: 006F - 006F (0x1 bytes), align: 0
  Segment part 16. ROOT.      Intra module refs:   MRFI_Init
                                                   mrfiSpiCmdStrobe
                                                   spiBurstFifoAccess
                                                   spiRegAccess
           ENTRY                   ADDRESS         REF BY
           =====                   =======         ======
           UCB0TXBUF               006F 
    -------------------------------------------------------------------------
DATA16_C
  Relative segment, address: 800C - 8047 (0x3c bytes), align: 0
  Segment part 19.            Intra module refs:   MRFI_Init
           LOCAL                   ADDRESS         
           =====                   =======         
           mrfiRadioCfg            800C 
    -------------------------------------------------------------------------
DATA16_Z
  Relative segment, address: 0243 - 0243 (0x1 bytes), align: 0
  Segment part 20.            Intra module refs:   ?Subroutine13
                                                   ?Subroutine3
                                                   ?Subroutine6
                                                   MRFI_GetRadioState
                                                   MRFI_Init
                                                   MRFI_RxIdle
                                                   MRFI_RxOn
                                                   MRFI_Sleep
                                                   MRFI_Transmit
                                                   MRFI_WakeUp
           LOCAL                   ADDRESS         
           =====                   =======         
           mrfiRadioState          0243 
    -------------------------------------------------------------------------
DATA16_Z
  Relative segment, address: 0244 - 025B (0x18 bytes), align: 0
  Segment part 21.            Intra module refs:   MRFI_Init
                                                   MRFI_Receive
                                                   Mrfi_SyncPinRxIsr
                                                   Segment part 50
           LOCAL                   ADDRESS         
           =====                   =======         
           mrfiIncomingPacket      0244 
    -------------------------------------------------------------------------
DATA16_Z
  Relative segment, address: 025C - 025C (0x1 bytes), align: 0
  Segment part 22.            Intra module refs:   MRFI_Init
                                                   MRFI_RandomByte
           LOCAL                   ADDRESS         
           =====                   =======         
           mrfiRndSeed             025C 
    -------------------------------------------------------------------------
DATA16_Z
  Relative segment, address: 025D - 025D (0x1 bytes), align: 0
  Segment part 23.            Intra module refs:   MRFI_PostKillSem
                                                   MRFI_ReplyDelay
           LOCAL                   ADDRESS         
           =====                   =======         
           sKillSem                025D 
    -------------------------------------------------------------------------
DATA16_Z
  Relative segment, address: 025E - 025E (0x1 bytes), align: 0
  Segment part 24.            Intra module refs:   MRFI_PostKillSem
                                                   MRFI_ReplyDelay
           LOCAL                   ADDRESS         
           =====                   =======         
           sReplyDelayContext      025E 
    -------------------------------------------------------------------------
DATA16_Z
  Relative segment, address: 022E - 022F (0x2 bytes), align: 1
  Segment part 25.            Intra module refs:   MRFI_Init
                                                   MRFI_ReplyDelay
           LOCAL                   ADDRESS         
           =====                   =======         
           sReplyDelayScalar       022E 
    -------------------------------------------------------------------------
DATA16_Z
  Relative segment, address: 0230 - 0231 (0x2 bytes), align: 1
  Segment part 26.            Intra module refs:   MRFI_Init
                                                   MRFI_Transmit
           LOCAL                   ADDRESS         
           =====                   =======         
           sBackoffHelper          0230 
    -------------------------------------------------------------------------
DATA16_C
  Relative segment, address: 8048 - 804B (0x4 bytes), align: 0
  Segment part 27.            Intra module refs:   MRFI_RxAddrIsFiltered
           ENTRY                   ADDRESS         REF BY
           =====                   =======         ======
           mrfiBroadcastAddr       8048            nwk_getBCastAddress (nwk_globals)
    -------------------------------------------------------------------------
DATA16_C
  Relative segment, address: 804C - 804F (0x4 bytes), align: 0
  Segment part 28.            Intra module refs:   MRFI_SetLogicalChannel
           LOCAL                   ADDRESS         
           =====                   =======         
           mrfiLogicalChanTable    804C 
    -------------------------------------------------------------------------
DATA16_C
  Relative segment, address: 8050 - 8052 (0x3 bytes), align: 0
  Segment part 29.            Intra module refs:   MRFI_SetRFPwr
           LOCAL                   ADDRESS         
           =====                   =======         
           mrfiRFPowerTable        8050 
    -------------------------------------------------------------------------
DATA16_Z
  Relative segment, address: 025F - 025F (0x1 bytes), align: 0
  Segment part 30.            Intra module refs:   MRFI_EnableRxAddrFilter
                                                   MRFI_RxAddrIsFiltered
           LOCAL                   ADDRESS         
           =====                   =======         
           mrfiRxFilterEnabled     025F 
    -------------------------------------------------------------------------
DATA16_I
  Relative segment, address: 0202 - 0205 (0x4 bytes), align: 0
  Segment part 31.            Intra module refs:   MRFI_EnableRxAddrFilter
                                                   MRFI_RxAddrIsFiltered
                                                   MRFI_SetRxAddrFilter
           LOCAL                   ADDRESS         
           =====                   =======         
           mrfiRxFilterAddr        0202 
    -------------------------------------------------------------------------
<CODE> 1 (was CODE)
  Relative segment, address: 80BA - 80F7 (0x3e bytes), align: 1
  Segment part 34.            Intra module refs:   Mrfi_SyncPinRxIsr
           ENTRY                   ADDRESS         REF BY
           =====                   =======         ======
           MRFI_RxAddrIsFiltered   80BA 
               CSTACK = 00000000 ( 00000006 )
    -------------------------------------------------------------------------
<CODE> 1 (was CODE)
  Relative segment, address: 80F8 - 810D (0x16 bytes), align: 1
  Segment part 35.            Intra module refs:   ?Subroutine11
                                                   MRFI_Init
                                                   MRFI_Sleep
                                                   MRFI_Transmit
                                                   Mrfi_RxModeOff
                                                   Mrfi_RxModeOn
                                                   Mrfi_SyncPinRxIsr
           ENTRY                   ADDRESS         REF BY
           =====                   =======         ======
           mrfiSpiCmdStrobe        80F8 
               CSTACK = 00000000 ( 00000002 )
    -------------------------------------------------------------------------
<CODE> 1 (was CODE)
  Relative segment, address: 810E - 8115 (0x8 bytes), align: 1
  Segment part 36.            Intra module refs:   mrfiSpiCmdStrobe
                                                   spiRegAccess
           LOCAL                   ADDRESS         
           =====                   =======         
           ?Subroutine0            810E 
    -------------------------------------------------------------------------
<CODE> 1 (was CODE)
  Relative segment, address: 8116 - 811D (0x8 bytes), align: 1
  Segment part 37.            Intra module refs:   ?Subroutine0
                                                   spiBurstFifoAccess
    -------------------------------------------------------------------------
<CODE> 1 (was CODE)
  Relative segment, address: 811E - 8177 (0x5a bytes), align: 1
  Segment part 38.            Intra module refs:   mrfiSpiReadRxFifo
                                                   mrfiSpiWriteTxFifo
           LOCAL                   ADDRESS         
           =====                   =======         
           spiBurstFifoAccess      811E 
               CSTACK = 00000000 ( 00000002 )
    -------------------------------------------------------------------------
<CODE> 1 (was CODE)
  Relative segment, address: 8178 - 817B (0x4 bytes), align: 1
  Segment part 39.            Intra module refs:   mrfiSpiCmdStrobe
                                                   spiBurstFifoAccess
                                                   spiRegAccess
           LOCAL                   ADDRESS         
           =====                   =======         
           ?Subroutine4            8178 
    -------------------------------------------------------------------------
<CODE> 1 (was CODE)
  Relative segment, address: 817C - 8185 (0xa bytes), align: 1
  Segment part 40.            Intra module refs:   ?Subroutine4
                                                   MRFI_Init
                                                   spiBurstFifoAccess
           LOCAL                   ADDRESS         
           =====                   =======         
           ?Subroutine19           817C 
    -------------------------------------------------------------------------
<CODE> 1 (was CODE)
  Relative segment, address: 8186 - 818F (0xa bytes), align: 1
  Segment part 41.            Intra module refs:   Mrfi_SyncPinRxIsr
           ENTRY                   ADDRESS         REF BY
           =====                   =======         ======
           mrfiSpiReadRxFifo       8186 
               calls direct
               CSTACK = 00000000 ( 00000002 )
    -------------------------------------------------------------------------
<CODE> 1 (was CODE)
  Relative segment, address: 8190 - 81A5 (0x16 bytes), align: 1
  Segment part 42.            Intra module refs:   mrfiSpiReadReg
                                                   mrfiSpiWriteReg
           LOCAL                   ADDRESS         
           =====                   =======         
           spiRegAccess            8190 
               CSTACK = 00000000 ( 00000002 )
    -------------------------------------------------------------------------
<CODE> 1 (was CODE)
  Relative segment, address: 81A6 - 81AD (0x8 bytes), align: 1
  Segment part 43.            Intra module refs:   ?Subroutine0
                                                   MRFI_Init
                                                   spiBurstFifoAccess
                                                   spiRegAccess
           LOCAL                   ADDRESS         
           =====                   =======         
           ?Subroutine12           81A6 
    -------------------------------------------------------------------------
<CODE> 1 (was CODE)
  Relative segment, address: 81AE - 81BB (0xe bytes), align: 1
  Segment part 44.            Intra module refs:   mrfiSpiCmdStrobe
                                                   spiRegAccess
           LOCAL                   ADDRESS         
           =====                   =======         
           ?Subroutine8            81AE 
    -------------------------------------------------------------------------
<CODE> 1 (was CODE)
  Relative segment, address: 81BC - 81CB (0x10 bytes), align: 1
  Segment part 45.            Intra module refs:   ?Subroutine8
                                                   spiBurstFifoAccess
           LOCAL                   ADDRESS         
           =====                   =======         
           ?Subroutine18           81BC 
    -------------------------------------------------------------------------
<CODE> 1 (was CODE)
  Relative segment, address: 81CC - 81DF (0x14 bytes), align: 1
  Segment part 46.            Intra module refs:   ?Subroutine14
                                                   MRFI_Init
                                                   MRFI_Rssi
                                                   Mrfi_SyncPinRxIsr
           ENTRY                   ADDRESS         REF BY
           =====                   =======         ======
           mrfiSpiReadReg          81CC 
               calls direct
               CSTACK = 00000000 ( 00000002 )
    -------------------------------------------------------------------------
<CODE> 1 (was CODE)
  Relative segment, address: 81E0 - 81E9 (0xa bytes), align: 1
  Segment part 47.            Intra module refs:   ?Subroutine5
                                                   mrfiSpiCmdStrobe
                                                   mrfiSpiReadReg
           LOCAL                   ADDRESS         
           =====                   =======         
           ?Subroutine17           81E0 
    -------------------------------------------------------------------------
<CODE> 1 (was CODE)
  Relative segment, address: 81EA - 82A5 (0xbc bytes), align: 1
  Segment part 48.            Intra module refs:   MRFI_GpioIsr
           LOCAL                   ADDRESS         
           =====                   =======         
           Mrfi_SyncPinRxIsr       81EA 
               calls direct and indirect
               CSTACK = 00000000 ( 00000008 )
    -------------------------------------------------------------------------
<CODE> 1 (was CODE)
  Relative segment, address: 82A6 - 82A9 (0x4 bytes), align: 1
  Segment part 49.            Intra module refs:   MRFI_Init
                                                   Mrfi_SyncPinRxIsr
           LOCAL                   ADDRESS         
           =====                   =======         
           ?Subroutine15           82A6 
    -------------------------------------------------------------------------
<CODE> 1 (was CODE)
  Relative segment, address: 82AA - 82B3 (0xa bytes), align: 1
  Segment part 50.            Intra module refs:   ?Subroutine15
                                                   MRFI_Init
    -------------------------------------------------------------------------
<CODE> 1 (was CODE)
  Relative segment, address: 82B4 - 82CD (0x1a bytes), align: 1
  Segment part 51.            Intra module refs:   BSP_GpioPort1Isr
           ENTRY                   ADDRESS         REF BY
           =====                   =======         ======
           MRFI_GpioIsr            82B4 
               calls direct
               CSTACK = 00000000 ( 00000002 )
    -------------------------------------------------------------------------
<CODE> 1 (was CODE)
  Relative segment, address: 82CE - 82E3 (0x16 bytes), align: 1
  Segment part 52.            Intra module refs:   BSP_GpioPort1Isr::??INTVEC 6
           ENTRY                   ADDRESS         REF BY
           =====                   =======         ======
           BSP_GpioPort1Isr        82CE 
               interrupt function
               calls direct
               CSTACK = 00000000 ( 0000000C )
    -------------------------------------------------------------------------
<CODE> 1 (was CODE)
  Relative segment, address: 82E4 - 82F5 (0x12 bytes), align: 1
  Segment part 53.            Intra module refs:   ?Subroutine13
                                                   MRFI_EnableRxAddrFilter
                                                   MRFI_Init
                                                   MRFI_SetRxAddrFilter
                                                   MRFI_Transmit
                                                   MRFI_WakeUp
           ENTRY                   ADDRESS         REF BY
           =====                   =======         ======
           mrfiSpiWriteReg         82E4 
               calls direct
               CSTACK = 00000000 ( 00000002 )
    -------------------------------------------------------------------------
CODE
  Segment part 54. NOT NEEDED.
           ENTRY                   ADDRESS         REF BY
           =====                   =======         ======
           MRFI_DisableRxAddrFilter
                                   
               calls direct
    -------------------------------------------------------------------------
<CODE> 1 (was CODE)
  Relative segment, address: 82F6 - 830B (0x16 bytes), align: 1
  Segment part 55.
           ENTRY                   ADDRESS         REF BY
           =====                   =======         ======
           MRFI_EnableRxAddrFilter
                                   82F6            SMPL_Init (nwk_api)
               calls direct
               CSTACK = 00000000 ( 00000002 )
    -------------------------------------------------------------------------
<CODE> 1 (was CODE)
  Relative segment, address: 830C - 8315 (0xa bytes), align: 1
  Segment part 56.            Intra module refs:   MRFI_EnableRxAddrFilter
                                                   MRFI_Transmit
                                                   spiBurstFifoAccess
           LOCAL                   ADDRESS         
           =====                   =======         
           ?Subroutine7            830C 
    -------------------------------------------------------------------------
<CODE> 1 (was CODE)
  Relative segment, address: 8316 - 833F (0x2a bytes), align: 1
  Segment part 57.
           ENTRY                   ADDRESS         REF BY
           =====                   =======         ======
           MRFI_SetRxAddrFilter    8316            SMPL_Init (nwk_api)
               calls direct
               CSTACK = 00000000 ( 00000002 )
    -------------------------------------------------------------------------
<CODE> 1 (was CODE)
  Relative segment, address: 8340 - 8353 (0x14 bytes), align: 1
  Segment part 58.            Intra module refs:   ?Subroutine13
                                                   MRFI_RxOn
           LOCAL                   ADDRESS         
           =====                   =======         
           Mrfi_RxModeOn           8340 
               calls direct
               CSTACK = 00000000 ( 00000002 )
    -------------------------------------------------------------------------
<CODE> 1 (was CODE)
  Relative segment, address: 8354 - 8365 (0x12 bytes), align: 1
  Segment part 59.            Intra module refs:   ?Subroutine5
                                                   MRFI_Init
                                                   MRFI_RxIdle
                                                   MRFI_Transmit
           LOCAL                   ADDRESS         
           =====                   =======         
           Mrfi_RxModeOff          8354 
               calls direct
               CSTACK = 00000000 ( 00000002 )
    -------------------------------------------------------------------------
<CODE> 1 (was CODE)
  Relative segment, address: 8366 - 836D (0x8 bytes), align: 1
  Segment part 60.            Intra module refs:   MRFI_GpioIsr
                                                   MRFI_Init
                                                   MRFI_Transmit
                                                   Mrfi_RxModeOff
                                                   Mrfi_RxModeOn
           LOCAL                   ADDRESS         
           =====                   =======         
           ?Subroutine16           8366 
    -------------------------------------------------------------------------
<CODE> 1 (was CODE)
  Relative segment, address: 836E - 837F (0x12 bytes), align: 1
  Segment part 61.            Intra module refs:   MRFI_Init
           ENTRY                   ADDRESS         REF BY
           =====                   =======         ======
           MRFI_SetRFPwr           836E            nwk_radioControl (nwk_ioctl)
               calls direct
               CSTACK = 00000000 ( 00000002 )
    -------------------------------------------------------------------------
<CODE> 1 (was CODE)
  Relative segment, address: 8380 - 8391 (0x12 bytes), align: 1
  Segment part 62.            Intra module refs:   MRFI_SetLogicalChannel
                                                   MRFI_SetRFPwr
                                                   MRFI_Transmit
           LOCAL                   ADDRESS         
           =====                   =======         
           ?Subroutine13           8380 
    -------------------------------------------------------------------------
<CODE> 1 (was CODE)
  Relative segment, address: 8392 - 83A3 (0x12 bytes), align: 1
  Segment part 63.            Intra module refs:   MRFI_Init
           ENTRY                   ADDRESS         REF BY
           =====                   =======         ======
           MRFI_SetLogicalChannel
                                   8392 
               calls direct
               CSTACK = 00000000 ( 00000002 )
    -------------------------------------------------------------------------
<CODE> 1 (was CODE)
  Relative segment, address: 83A4 - 83AB (0x8 bytes), align: 1
  Segment part 64.            Intra module refs:   MRFI_SetLogicalChannel
                                                   MRFI_SetRFPwr
           LOCAL                   ADDRESS         
           =====                   =======         
           ?Subroutine5            83A4 
    -------------------------------------------------------------------------
<CODE> 1 (was CODE)
  Relative segment, address: 83AC - 83B7 (0xc bytes), align: 1
  Segment part 65.            Intra module refs:   MRFI_Transmit
           ENTRY                   ADDRESS         REF BY
           =====                   =======         ======
           mrfiSpiWriteTxFifo      83AC 
               calls direct
               CSTACK = 00000000 ( 00000002 )
    -------------------------------------------------------------------------
<CODE> 1 (was CODE)
  Relative segment, address: 83B8 - 83EB (0x34 bytes), align: 1
  Segment part 66.            Intra module refs:   MRFI_Init
           ENTRY                   ADDRESS         REF BY
           =====                   =======         ======
           mrfiSpiInit             83B8 
               CSTACK = 00000000 ( 00000002 )
    -------------------------------------------------------------------------
<CODE> 1 (was CODE)
  Relative segment, address: 83EC - 83F1 (0x6 bytes), align: 1
  Segment part 67.
           ENTRY                   ADDRESS         REF BY
           =====                   =======         ======
           MRFI_GetRadioState      83EC            SMPL_SendOpt (nwk_api)
                                                   nwk_join (nwk_join)
                                                   nwk_link (nwk_link)
               CSTACK = 00000000 ( 00000002 )
    -------------------------------------------------------------------------
<CODE> 1 (was CODE)
  Relative segment, address: 83F2 - 83FD (0xc bytes), align: 1
  Segment part 68.
           ENTRY                   ADDRESS         REF BY
           =====                   =======         ======
           MRFI_PostKillSem        83F2            nwk_isConnectionValid (nwk)
                                                   nwk_processJoin (nwk_join)
                                                   nwk_processLink (nwk_link)
                                                   nwk_processMgmt (nwk_mgmt)
                                                   nwk_processPing (nwk_ping)
               CSTACK = 00000000 ( 00000002 )
    -------------------------------------------------------------------------
<CODE> 1 (was CODE)
  Relative segment, address: 83FE - 844F (0x52 bytes), align: 1
  Segment part 69.
           ENTRY                   ADDRESS         REF BY
           =====                   =======         ======
           MRFI_ReplyDelay         83FE            nwk_join (nwk_join)
                                                   nwk_link (nwk_link)
               calls direct
               CSTACK = 00000000 ( 00000008 )
    -------------------------------------------------------------------------
<CODE> 1 (was CODE)
  Relative segment, address: 8450 - 846F (0x20 bytes), align: 1
  Segment part 70.            Intra module refs:   ?Subroutine14
                                                   MRFI_Init
                                                   MRFI_Transmit
           LOCAL                   ADDRESS         
           =====                   =======         
           Mrfi_DelayUsec          8450 
               calls direct
               CSTACK = 00000000 ( 00000006 )
    -------------------------------------------------------------------------
<CODE> 1 (was CODE)
  Relative segment, address: 8470 - 8475 (0x6 bytes), align: 1
  Segment part 71.            Intra module refs:   MRFI_Init
                                                   MRFI_RxAddrIsFiltered
                                                   Mrfi_DelayUsec
                                                   Mrfi_SyncPinRxIsr
           LOCAL                   ADDRESS         
           =====                   =======         
           ?Subroutine2            8470 
    -------------------------------------------------------------------------
<CODE> 1 (was CODE)
  Relative segment, address: 8476 - 8481 (0xc bytes), align: 1
  Segment part 72.            Intra module refs:   MRFI_ReplyDelay
                                                   Mrfi_DelayUsec
           LOCAL                   ADDRESS         
           =====                   =======         
           ?Subroutine9            8476 
    -------------------------------------------------------------------------
CODE
  Segment part 73. NOT NEEDED.
           ENTRY                   ADDRESS         REF BY
           =====                   =======         ======
           MRFI_DelayMs            
               calls direct
    -------------------------------------------------------------------------
<CODE> 1 (was CODE)
  Relative segment, address: 8482 - 8497 (0x16 bytes), align: 1
  Segment part 74.            Intra module refs:   MRFI_Transmit
           ENTRY                   ADDRESS         REF BY
           =====                   =======         ======
           MRFI_RandomByte         8482            nwk_frameInit (nwk_frame)
                                                   nwk_joinInit (nwk_join)
                                                   nwk_linkInit (nwk_link)
                                                   nwk_mgmtInit (nwk_mgmt)
                                                   nwk_pingInit (nwk_ping)
               CSTACK = 00000000 ( 00000002 )
    -------------------------------------------------------------------------
<CODE> 1 (was CODE)
  Relative segment, address: 8498 - 84B1 (0x1a bytes), align: 1
  Segment part 75.
           ENTRY                   ADDRESS         REF BY
           =====                   =======         ======
           MRFI_Rssi               8498            nwk_radioControl (nwk_ioctl)
               calls direct
               CSTACK = 00000000 ( 00000004 )
    -------------------------------------------------------------------------
<CODE> 1 (was CODE)
  Relative segment, address: 84B2 - 84F3 (0x42 bytes), align: 1
  Segment part 76.
           ENTRY                   ADDRESS         REF BY
           =====                   =======         ======
           MRFI_WakeUp             84B2            ?Subroutine0 (nwk_link)
                                                   SMPL_Init (nwk_api)
                                                   nwk_join (nwk_join)
                                                   nwk_radioControl (nwk_ioctl)
               calls direct
               CSTACK = 00000000 ( 00000002 )
    -------------------------------------------------------------------------
<CODE> 1 (was CODE)
  Relative segment, address: 84F4 - 850B (0x18 bytes), align: 1
  Segment part 77.            Intra module refs:   MRFI_WakeUp
                                                   Mrfi_RxModeOff
           LOCAL                   ADDRESS         
           =====                   =======         
           ?Subroutine11           84F4 
    -------------------------------------------------------------------------
<CODE> 1 (was CODE)
  Relative segment, address: 850C - 851B (0x10 bytes), align: 1
  Segment part 78.            Intra module refs:   MRFI_Sleep
           ENTRY                   ADDRESS         REF BY
           =====                   =======         ======
           MRFI_RxIdle             850C            ?Subroutine1 (nwk_link)
                                                   nwk_join (nwk_join)
                                                   nwk_radioControl (nwk_ioctl)
               calls direct
               CSTACK = 00000000 ( 00000002 )
    -------------------------------------------------------------------------
<CODE> 1 (was CODE)
  Relative segment, address: 851C - 853B (0x20 bytes), align: 1
  Segment part 79.
           ENTRY                   ADDRESS         REF BY
           =====                   =======         ======
           MRFI_Sleep              851C            ?Subroutine1 (nwk_link)
                                                   nwk_join (nwk_join)
                                                   nwk_radioControl (nwk_ioctl)
               calls direct
               CSTACK = 00000000 ( 00000002 )
    -------------------------------------------------------------------------
<CODE> 1 (was CODE)
  Relative segment, address: 853C - 854D (0x12 bytes), align: 1
  Segment part 80.
           ENTRY                   ADDRESS         REF BY
           =====                   =======         ======
           MRFI_RxOn               853C            ?Subroutine0 (nwk_link)
                                                   nwk_join (nwk_join)
                                                   nwk_radioControl (nwk_ioctl)
               calls direct
               CSTACK = 00000000 ( 00000002 )
    -------------------------------------------------------------------------
<CODE> 1 (was CODE)
  Relative segment, address: 854E - 8561 (0x14 bytes), align: 1
  Segment part 81.            Intra module refs:   MRFI_RxIdle
                                                   MRFI_RxOn
           LOCAL                   ADDRESS         
           =====                   =======         
           ?Subroutine6            854E 
    -------------------------------------------------------------------------
<CODE> 1 (was CODE)
  Relative segment, address: 8562 - 856D (0xc bytes), align: 1
  Segment part 82.
           ENTRY                   ADDRESS         REF BY
           =====                   =======         ======
           MRFI_Receive            8562            MRFI_RxCompleteISR (nwk_frame)
               CSTACK = 00000000 ( 00000002 )
    -------------------------------------------------------------------------
<CODE> 1 (was CODE)
  Relative segment, address: 856E - 8641 (0xd4 bytes), align: 1
  Segment part 83.
           ENTRY                   ADDRESS         REF BY
           =====                   =======         ======
           MRFI_Transmit           856E            nwk_sendFrame (nwk_frame)
               calls direct and indirect
               CSTACK = 00000000 ( 0000000A )
    -------------------------------------------------------------------------
<CODE> 1 (was CODE)
  Relative segment, address: 8642 - 8661 (0x20 bytes), align: 1
  Segment part 84.            Intra module refs:   MRFI_Rssi
                                                   MRFI_Transmit
           LOCAL                   ADDRESS         
           =====                   =======         
           ?Subroutine14           8642 
    -------------------------------------------------------------------------
<CODE> 1 (was CODE)
  Relative segment, address: 8662 - 879B (0x13a bytes), align: 1
  Segment part 85.
           ENTRY                   ADDRESS         REF BY
           =====                   =======         ======
           MRFI_Init               8662            SMPL_Init (nwk_api)
               calls direct and indirect
               CSTACK = 00000000 ( 00000006 )
    -------------------------------------------------------------------------
<CODE> 1 (was CODE)
  Relative segment, address: 9F50 - 9F5F (0x10 bytes), align: 1
  Segment part 86.            Intra module refs:   MRFI_Init
                                                   MRFI_Rssi
                                                   MRFI_Transmit
                                                   Mrfi_SyncPinRxIsr
                                                   mrfiSpiWriteReg
           LOCAL                   ADDRESS         
           =====                   =======         
           ?Subroutine3            9F50 
    -------------------------------------------------------------------------
<CODE> 1 (was CODE)
  Relative segment, address: 9C84 - 9CAB (0x28 bytes), align: 1
  Segment part 33.            Intra module refs:   MRFI_Rssi
                                                   Mrfi_SyncPinRxIsr
           LOCAL                   ADDRESS         
           =====                   =======         
           Mrfi_CalculateRssi      9C84 
               CSTACK = 00000000 ( 00000002 )
    -------------------------------------------------------------------------
INTVEC
  Common segment, address: FFE0 - FFE7 (0x8 bytes), align: 1
  Segment part 17. ROOT.
           ENTRY                   ADDRESS         REF BY
           =====                   =======         ======
           BSP_GpioPort1Isr::??INTVEC 6
                                   FFE6 
    -------------------------------------------------------------------------
CSTACK
  Segment part 18. NOT NEEDED.
    -------------------------------------------------------------------------
DATA16_ID
  Relative segment, address: 805E - 8061 (0x4 bytes), align: 0
  Segment part 32.            Intra module refs:   mrfiRxFilterAddr
    -------------------------------------------------------------------------
CODE
  Segment part 87. TENTATIVE. Used definition from bsp
           ENTRY                   ADDRESS         REF BY
           =====                   =======         ======
           ?setjmp_save_r4         
    -------------------------------------------------------------------------
CODE
  Segment part 88. TENTATIVE. Used definition from bsp
           ENTRY                   ADDRESS         REF BY
           =====                   =======         ======
           ?setjmp_save_r5         

    *************************************************************************

  FILE NAME : C:\Users\Raúl\Desktop\Projecte\Tot funciona bé\eZ430-RF2500 Wireless Sensor Monitor - timer\Embedded\IAR\CC2500 Sensor Demo-End Device\Obj\nwk.r43
  PROGRAM MODULE, NAME : nwk

  SEGMENTS IN THE MODULE
  ======================
DATA16_I
  Relative segment, address: 0206 - 022B (0x26 bytes), align: 0
  Segment part 2.             Intra module refs:   initializeConnection
                                                   map_lid2idx
                                                   nwk_allocateLocalRxPort
                                                   nwk_findPeer
                                                   nwk_getConnInfo
                                                   nwk_getNextConnection
                                                   nwk_isConnectionValid
                                                   nwk_isLinkDuplicate
                                                   nwk_nwkInit
           LOCAL                   ADDRESS         
           =====                   =======         
           sPersistInfo            0206 
    -------------------------------------------------------------------------
<CODE> 1 (was CODE)
  Relative segment, address: 94D0 - 9555 (0x86 bytes), align: 1
  Segment part 22.
           ENTRY                   ADDRESS         REF BY
           =====                   =======         ======
           nwk_nwkInit             94D0            SMPL_Init (nwk_api)
               calls direct
               CSTACK = 00000000 ( 00000004 )
    -------------------------------------------------------------------------
<CODE> 1 (was CODE)
  Relative segment, address: 989A - 98E5 (0x4c bytes), align: 1
  Segment part 21.
           ENTRY                   ADDRESS         REF BY
           =====                   =======         ======
           nwk_getNextConnection   989A            nwk_link (nwk_link)
                                                   smpl_send_link_reply (nwk_link)
               calls direct
               CSTACK = 00000000 ( 00000004 )
    -------------------------------------------------------------------------
<CODE> 1 (was CODE)
  Relative segment, address: 9BD0 - 9BFD (0x2e bytes), align: 1
  Segment part 20.            Intra module refs:   nwk_getNextConnection
           LOCAL                   ADDRESS         
           =====                   =======         
           initializeConnection    9BD0 
               calls direct
               CSTACK = 00000000 ( 00000004 )
    -------------------------------------------------------------------------
<CODE> 1 (was CODE)
  Relative segment, address: A05C - A061 (0x6 bytes), align: 1
  Segment part 19.
           ENTRY                   ADDRESS         REF BY
           =====                   =======         ======
           nwk_freeConnection      A05C            nwk_connectionControl (nwk_ioctl)
                                                   nwk_link (nwk_link)
                                                   smpl_send_link_reply (nwk_link)
[...]
              | + function block  :  00000002
              |  Already listed
  05          mrfiSpiCmdStrobe
              | Stack used (prev) :  00000008
              | + function block  :  00000002
              |  Already listed
  04        MRFI_WakeUp
            | Stack used (prev) :  0000006E
            | + function block  :  00000002
  05          Mrfi_CalculateRssi
              | Stack used (prev) :  00000008
              | + function block  :  00000002
              |  Already listed
  05          Mrfi_DelayUsec
              | Stack used (prev) :  00000042
              | + function block  :  00000006
              |  Already listed
  05          mrfiSpiReadReg
              | Stack used (prev) :  0000000A
              | + function block  :  00000002
              |  Already listed
  05          mrfiSpiReadReg
              | Stack used (prev) :  0000000A
              | + function block  :  00000002
              |  Already listed
  04        MRFI_Rssi
            | Stack used (prev) :  0000006E
            | + function block  :  00000004
  05          Mrfi_RxModeOff
              | Stack used (prev) :  0000003E
              | + function block  :  00000002
              |  Already listed
  05          Mrfi_RxModeOn
              | Stack used (prev) :  0000003E
              | + function block  :  00000002
              |  Already listed
  05          mrfiSpiWriteReg
              | Stack used (prev) :  0000003E
              | + function block  :  00000002
              |  Already listed
  04        MRFI_SetRFPwr
            | Stack used (prev) :  0000006E
            | + function block  :  00000002
  03      nwk_radioControl
          | Stack used (prev) :  00000072
          | + function block  :  00000006
  04        memcpy
            | Stack used (prev) :  0000003E
            | + function block  :  00000004
            |  Already listed
  05          memcpy
              | Stack used (prev) :  0000003E
              | + function block  :  00000004
              |  Already listed
  04        nwk_setMyAddress
            | Stack used (prev) :  0000006E
            | + function block  :  00000002
  04        nwk_getMyAddress
            | Stack used (prev) :  0000003E
            | + function block  :  00000002
            |  Already listed
  03      nwk_deviceAddress
          | Stack used (prev) :  00000070
          | + function block  :  00000006
  03      nwk_getProtocolVersion
          | Stack used (prev) :  0000003E
          | + function block  :  00000002
          |  Already listed
  03      nwk_getFWVersion
          | Stack used (prev) :  0000006E
          | + function block  :  00000002
  03      nwk_NVObj
          | Stack used (prev) :  0000006E
          | + function block  :  00000002
  02    SMPL_Ioctl
        | Stack used (prev) :  000000A0
        | + function block  :  00000006
  04        memcpy
            | Stack used (prev) :  0000003E
            | + function block  :  00000004
            |  Already listed
  04        nwk_setLinkToken
            | Stack used (prev) :  0000006E
            | + function block  :  00000002
            |  Already listed
  04        nwk_getBCastAddress
            | Stack used (prev) :  0000006E
            | + function block  :  00000002
  05          memcpy
              | Stack used (prev) :  0000003E
              | + function block  :  00000004
              |  Already listed
  04        nwk_setAPAddress
            | Stack used (prev) :  0000006E
            | + function block  :  00000002
  04        nwk_getProtocolVersion
            | Stack used (prev) :  0000003E
            | + function block  :  00000002
            |  Already listed
  04        SMPL_Ioctl
            | Stack used (prev) :  000000A0
            | + function block  :  00000006
            |  Already listed
  05          memmove
              | Stack used (prev) :  0000003E
              | + function block  :  00000004
              |  Already listed
  04        nwk_putNumObjectIntoMsg
            | Stack used (prev) :  0000006E
            | + function block  :  00000008
  04        MRFI_RxOn
            | Stack used (prev) :  0000006E
            | + function block  :  00000002
            |  Already listed
  04        MRFI_Sleep
            | Stack used (prev) :  00000070
            | + function block  :  00000002
            |  Already listed
  04        MRFI_RxIdle
            | Stack used (prev) :  0000006E
            | + function block  :  00000002
            |  Already listed
  04        MRFI_WakeUp
            | Stack used (prev) :  0000006E
            | + function block  :  00000002
            |  Already listed
  05          BSP_Delay
              | Stack used (prev) :  0000003E
              | + function block  :  00000004
              |  Already listed
  04        MRFI_ReplyDelay
            | Stack used (prev) :  0000006E
            | + function block  :  00000008
  04        MRFI_GetRadioState
            | Stack used (prev) :  0000006E
            | + function block  :  00000002
  03      nwk_join
          | Stack used (prev) :  000000A6
          | + function block  :  00000022
  03      nwk_getMyAddress
          | Stack used (prev) :  0000003E
          | + function block  :  00000002
          |  Already listed
  04        memset
            | Stack used (prev) :  00000008
            | + function block  :  00000004
            |  Already listed
  04        memcpy
            | Stack used (prev) :  0000003E
            | + function block  :  00000004
            |  Already listed
  04        nwk_securityInit
            | Stack used (prev) :  0000006E
            | + function block  :  00000002
  05          MRFI_RandomByte
              | Stack used (prev) :  0000003E
              | + function block  :  00000002
              |  Already listed
  04        nwk_pingInit
            | Stack used (prev) :  0000006E
            | + function block  :  00000002
  05          MRFI_RandomByte
              | Stack used (prev) :  0000003E
              | + function block  :  00000002
              |  Already listed
  04        nwk_mgmtInit
            | Stack used (prev) :  0000006E
            | + function block  :  00000002
  05          memset
              | Stack used (prev) :  00000008
              | + function block  :  00000004
              |  Already listed
  05          MRFI_RandomByte
              | Stack used (prev) :  0000003E
              | + function block  :  00000002
              |  Already listed
  04        nwk_linkInit
            | Stack used (prev) :  0000006E
            | + function block  :  00000002
  05          MRFI_RandomByte
              | Stack used (prev) :  0000003E
              | + function block  :  00000002
              |  Already listed
  04        nwk_joinInit
            | Stack used (prev) :  0000006E
            | + function block  :  00000002
  04        nwk_getBCastAddress
            | Stack used (prev) :  0000006E
            | + function block  :  00000002
            |  Already listed
  05          memset
              | Stack used (prev) :  00000008
              | + function block  :  00000004
              |  Already listed
  05          memcpy
              | Stack used (prev) :  0000003E
              | + function block  :  00000004
              |  Already listed
  04        nwk_globalsInit
            | Stack used (prev) :  0000006E
            | + function block  :  00000002
  04        nwk_freqInit
            | Stack used (prev) :  0000006E
            | + function block  :  00000002
  05          nwk_getMyAddress
              | Stack used (prev) :  0000003E
              | + function block  :  00000002
              |  Already listed
  05          MRFI_RandomByte
              | Stack used (prev) :  0000003E
              | + function block  :  00000002
              |  Already listed
  04        nwk_frameInit
            | Stack used (prev) :  0000006E
            | + function block  :  00000002
  05          memset
              | Stack used (prev) :  00000008
              | + function block  :  00000004
              |  Already listed
  04        nwk_QInit
            | Stack used (prev) :  0000006E
            | + function block  :  00000002
  03      nwk_nwkInit
          | Stack used (prev) :  00000070
          | + function block  :  00000004
  04        memset
            | Stack used (prev) :  00000008
            | + function block  :  00000004
            |  Already listed
  04        Mrfi_DelayUsec
            | Stack used (prev) :  00000042
            | + function block  :  00000006
            |  Already listed
  04        Mrfi_DelayUsec
            | Stack used (prev) :  00000042
            | + function block  :  00000006
            |  Already listed
  04        Mrfi_DelayUsec
            | Stack used (prev) :  00000042
            | + function block  :  00000006
            |  Already listed
  04        mrfiSpiInit
            | Stack used (prev) :  0000006E
            | + function block  :  00000002
  05          Mrfi_RxModeOff
              | Stack used (prev) :  0000003E
              | + function block  :  00000002
              |  Already listed
  05          Mrfi_RxModeOn
              | Stack used (prev) :  0000003E
              | + function block  :  00000002
              |  Already listed
  05          mrfiSpiWriteReg
              | Stack used (prev) :  0000003E
              | + function block  :  00000002
              |  Already listed
  04        MRFI_SetLogicalChannel
            | Stack used (prev) :  0000006E
            | + function block  :  00000002
  04        MRFI_SetRFPwr
            | Stack used (prev) :  0000006E
            | + function block  :  00000002
            |  Already listed
  04        Mrfi_RxModeOff
            | Stack used (prev) :  0000003E
            | + function block  :  00000002
            |  Already listed
  04        mrfiSpiWriteReg
            | Stack used (prev) :  0000003E
            | + function block  :  00000002
            |  Already listed
  04        mrfiSpiWriteReg
            | Stack used (prev) :  0000003E
            | + function block  :  00000002
            |  Already listed
  04        mrfiSpiWriteReg
            | Stack used (prev) :  0000003E
            | + function block  :  00000002
            |  Already listed
  04        mrfiSpiReadReg
            | Stack used (prev) :  0000000A
            | + function block  :  00000002
            |  Already listed
  04        mrfiSpiReadReg
            | Stack used (prev) :  0000000A
            | + function block  :  00000002
            |  Already listed
  04        mrfiSpiReadReg
            | Stack used (prev) :  0000000A
            | + function block  :  00000002
            |  Already listed
  04        mrfiSpiCmdStrobe
            | Stack used (prev) :  00000008
            | + function block  :  00000002
            |  Already listed
  03      MRFI_Init
          | Stack used (prev) :  00000070
          | + function block  :  00000006
  03      MRFI_WakeUp
          | Stack used (prev) :  0000006E
          | + function block  :  00000002
          |  Already listed
  04        mrfiSpiWriteReg
            | Stack used (prev) :  0000003E
            | + function block  :  00000002
            |  Already listed
  03      MRFI_SetRxAddrFilter
          | Stack used (prev) :  0000006E
          | + function block  :  00000002
  04        mrfiSpiWriteReg
            | Stack used (prev) :  0000003E
            | + function block  :  00000002
            |  Already listed
  03      MRFI_EnableRxAddrFilter
          | Stack used (prev) :  0000006E
          | + function block  :  00000002
  02    SMPL_Init
        | Stack used (prev) :  000000C8
        | + function block  :  00000004
  02    createRandomAddress
        | Stack used (prev) :  0000006E
        | + function block  :  00000004
  03      SMPL_Ioctl
          | Stack used (prev) :  000000A0
          | + function block  :  00000006
          |  Already listed
  05          memcpy
              | Stack used (prev) :  0000003E
              | + function block  :  00000004
              |  Already listed
  05          nwk_getBCastAddress
              | Stack used (prev) :  0000006E
              | + function block  :  00000002
              |  Already listed
  05          nwk_getProtocolVersion
              | Stack used (prev) :  0000003E
              | + function block  :  00000002
              |  Already listed
  05          nwk_getMyRxType
              | Stack used (prev) :  0000003E
              | + function block  :  00000002
              |  Already listed
  05          SMPL_Ioctl
              | Stack used (prev) :  000000A0
              | + function block  :  00000006
              |  Already listed
  05          nwk_putNumObjectIntoMsg
              | Stack used (prev) :  0000006E
              | + function block  :  00000008
              |  Already listed
  05          nwk_allocateLocalRxPort
              | Stack used (prev) :  0000003E
              | + function block  :  0000000E
              |  Already listed
  05          nwk_freeConnection
              | Stack used (prev) :  0000003E
              | + function block  :  00000002
              |  Already listed
  05          nwk_getNextConnection
              | Stack used (prev) :  00000044
              | + function block  :  00000004
              |  Already listed
  05          MRFI_RxOn
              | Stack used (prev) :  0000006E
              | + function block  :  00000002
              |  Already listed
  05          MRFI_Sleep
              | Stack used (prev) :  00000070
              | + function block  :  00000002
              |  Already listed
  05          MRFI_RxIdle
              | Stack used (prev) :  0000006E
              | + function block  :  00000002
              |  Already listed
  05          MRFI_WakeUp
              | Stack used (prev) :  0000006E
              | + function block  :  00000002
              |  Already listed
  05          MRFI_ReplyDelay
              | Stack used (prev) :  0000006E
              | + function block  :  00000008
              |  Already listed
  05          MRFI_GetRadioState
              | Stack used (prev) :  0000006E
              | + function block  :  00000002
              |  Already listed
  04        nwk_link
            | Stack used (prev) :  000000A6
            | + function block  :  00000022
  03      SMPL_Link
          | Stack used (prev) :  000000C8
          | + function block  :  00000002
  04        memcpy
            | Stack used (prev) :  0000003E
            | + function block  :  00000004
            |  Already listed
  04        nwk_sendFrame
            | Stack used (prev) :  00000052
            | + function block  :  00000004
            |  Already listed
  04        nwk_buildFrame
            | Stack used (prev) :  00000042
            | + function block  :  0000000C
            |  Already listed
  04        nwk_checkConnInfo
            | Stack used (prev) :  0000006E
            | + function block  :  00000002
  04        nwk_getConnInfo
            | Stack used (prev) :  0000006E
            | + function block  :  00000004
            |  Already listed
  04        MRFI_GetRadioState
            | Stack used (prev) :  0000006E
            | + function block  :  00000002
            |  Already listed
  03      SMPL_SendOpt
          | Stack used (prev) :  00000072
          | + function block  :  0000000C
  02    linkTo
        | Stack used (prev) :  000000CA
        | + function block  :  0000001C
  03      BSP_InitButtons
          | Stack used (prev) :  0000006E
          | + function block  :  00000002
  03      BSP_InitLeds
          | Stack used (prev) :  0000006E
          | + function block  :  00000002
  03      BSP_InitBoard
          | Stack used (prev) :  0000006E
          | + function block  :  00000002
  02    BSP_Init
        | Stack used (prev) :  00000070
        | + function block  :  00000004
  01  main
      | Stack used (prev) :  000000E6
      | + function block  :  00000006
  <-Sub-tree of type: Function tree
    | Stack used          :  000000EC


  ->Sub-tree of type: Function tree
                             CSTACK
    | Stack used (prev) :  000000EC
  01  exit
      | Stack used (prev) :  000000EC
      | + function block  :  00000002
  <-Sub-tree of type: Function tree
    | Stack used          :  000000EE


  ->Sub-tree of type: Function tree
                             CSTACK
    | Stack used (prev) :  000000EE
  01  __data16_memzero
      | Stack used (prev) :  000000EE
      | + function block  :  00000002
  <-Sub-tree of type: Function tree
    | Stack used          :  000000F0


  ->Sub-tree of type: Function tree
                             CSTACK
    | Stack used (prev) :  000000F0
  02    memcpy
        | Stack used (prev) :  0000003E
        | + function block  :  00000004
        |  Already listed
  01  __data16_memcpy
      | Stack used (prev) :  000000F0
      | + function block  :  00000002
  <-Sub-tree of type: Function tree
    | Stack used          :  000000F2




                ****************************************
                *                                      *
                *      SEGMENTS IN ADDRESS ORDER       *
                *                                      *
                ****************************************


SEGMENT              SPACE    START ADDRESS   END ADDRESS     SIZE  TYPE  ALIGN
=======              =====    =============   ===========     ====  ====  =====
DATA16_AN                              0001 - 0001               1   rel    0
                                       0003 - 0003               1 
                                       0018 - 001B               4 
                                       0021 - 0022               2 
                                       0027 - 0028               2 
                                       002A - 002E               5 
                                       004A - 004A               1 
                                       0053 - 0053               1 
                                       0056 - 0057               2 
                                       0061 - 0064               4 
                                       0066 - 006B               6 
                                       006E - 006F               2 
                                       0120 - 0121               2 
                                       0128 - 012D               6 
                                       0160 - 0163               4 
                                       0172 - 0173               2 
                                       01B0 - 01B5               6 
DATA16_I                               0200 - 022C              2D   rel    1
DATA16_Z                               022E - 02DD              B0   rel    1
CSTACK                                 0538 - 05FF              C8   rel    1
DATA16_AN                              10FC - 10FF               4   rel    0
DATA16_C                               8000 - 805B              5C   rel    1
DATA16_ID                              805C - 8088              2D   rel    1
CSTART                                 808A - 80B9              30   rel    1
<CODE> 1                               80BA - A093            1FDA   rel    1
INTVEC                                 FFE0 - FFF3              14   com    1
RESET                                  FFFE - FFFF               2   rel    1

                ****************************************
                *                                      *
                *        END OF CROSS REFERENCE        *
                *                                      *
                ****************************************

 8 224 bytes of CODE  memory
   421 bytes of DATA  memory (+ 55 absolute )
   137 bytes of CONST memory

Errors: none
Warnings: none

