################################################################################
#                                                                              #
#      IAR Universal Linker V5.0.2.5/W32                                       #
#                                                                              #
#           Link time     =  29/Sep/2016  01:35:39                             #
#           Target CPU    =  MSP430                                            #
#           List file     =  "C:\Users\Raúl\Desktop\Projecte\Provant - descobr #
#                            int com s'envia la info\eZ430-RF2500 Wireless Sen #
#                            sor Monitor\Embedded\IAR\CC2500 Sensor Demo-Acces #
#                            s Point\List\Sensor_Demo_AP_as_Data_Hub.map"      #
#           Output file 1 =  "C:\Users\Raúl\Desktop\Projecte\Provant - descobr #
#                            int com s'envia la info\eZ430-RF2500 Wireless Sen #
#                            sor Monitor\Embedded\IAR\CC2500 Sensor Demo-Acces #
#                            s Point\Exe\Sensor_Demo_AP_as_Data_Hub.d43"       #
#                            Format: debug                                     #
#                            UBROF version 10.0.3                              #
#                            Using library modules for C-SPY (-rt)             #
#           Command line  =  "C:\Users\Raúl\Desktop\Projecte\Provant - descobr #
#                            int com s'envia la info\eZ430-RF2500 Wireless Sen #
#                            sor Monitor\Embedded\IAR\CC2500 Sensor Demo-Acces #
#                            s Point\Obj\bsp.r43"                              #
#                            "C:\Users\Raúl\Desktop\Projecte\Provant - descobr #
#                            int com s'envia la info\eZ430-RF2500 Wireless Sen #
#                            sor Monitor\Embedded\IAR\CC2500 Sensor Demo-Acces #
#                            s Point\Obj\main_AP.r43"                          #
#                            "C:\Users\Raúl\Desktop\Projecte\Provant - descobr #
#                            int com s'envia la info\eZ430-RF2500 Wireless Sen #
#                            sor Monitor\Embedded\IAR\CC2500 Sensor Demo-Acces #
#                            s Point\Obj\mrfi.r43"                             #
#                            "C:\Users\Raúl\Desktop\Projecte\Provant - descobr #
#                            int com s'envia la info\eZ430-RF2500 Wireless Sen #
#                            sor Monitor\Embedded\IAR\CC2500 Sensor Demo-Acces #
#                            s Point\Obj\nwk.r43"                              #
#                            "C:\Users\Raúl\Desktop\Projecte\Provant - descobr #
#                            int com s'envia la info\eZ430-RF2500 Wireless Sen #
#                            sor Monitor\Embedded\IAR\CC2500 Sensor Demo-Acces #
#                            s Point\Obj\nwk_QMgmt.r43"                        #
#                            "C:\Users\Raúl\Desktop\Projecte\Provant - descobr #
#                            int com s'envia la info\eZ430-RF2500 Wireless Sen #
#                            sor Monitor\Embedded\IAR\CC2500 Sensor Demo-Acces #
#                            s Point\Obj\nwk_api.r43"                          #
#                            "C:\Users\Raúl\Desktop\Projecte\Provant - descobr #
#                            int com s'envia la info\eZ430-RF2500 Wireless Sen #
#                            sor Monitor\Embedded\IAR\CC2500 Sensor Demo-Acces #
#                            s Point\Obj\nwk_frame.r43"                        #
#                            "C:\Users\Raúl\Desktop\Projecte\Provant - descobr #
#                            int com s'envia la info\eZ430-RF2500 Wireless Sen #
#                            sor Monitor\Embedded\IAR\CC2500 Sensor Demo-Acces #
#                            s Point\Obj\nwk_freq.r43"                         #
#                            "C:\Users\Raúl\Desktop\Projecte\Provant - descobr #
#                            int com s'envia la info\eZ430-RF2500 Wireless Sen #
#                            sor Monitor\Embedded\IAR\CC2500 Sensor Demo-Acces #
#                            s Point\Obj\nwk_globals.r43"                      #
#                            "C:\Users\Raúl\Desktop\Projecte\Provant - descobr #
#                            int com s'envia la info\eZ430-RF2500 Wireless Sen #
#                            sor Monitor\Embedded\IAR\CC2500 Sensor Demo-Acces #
#                            s Point\Obj\nwk_ioctl.r43"                        #
#                            "C:\Users\Raúl\Desktop\Projecte\Provant - descobr #
#                            int com s'envia la info\eZ430-RF2500 Wireless Sen #
#                            sor Monitor\Embedded\IAR\CC2500 Sensor Demo-Acces #
#                            s Point\Obj\nwk_join.r43"                         #
#                            "C:\Users\Raúl\Desktop\Projecte\Provant - descobr #
#                            int com s'envia la info\eZ430-RF2500 Wireless Sen #
#                            sor Monitor\Embedded\IAR\CC2500 Sensor Demo-Acces #
#                            s Point\Obj\nwk_link.r43"                         #
#                            "C:\Users\Raúl\Desktop\Projecte\Provant - descobr #
#                            int com s'envia la info\eZ430-RF2500 Wireless Sen #
#                            sor Monitor\Embedded\IAR\CC2500 Sensor Demo-Acces #
#                            s Point\Obj\nwk_mgmt.r43"                         #
#                            "C:\Users\Raúl\Desktop\Projecte\Provant - descobr #
#                            int com s'envia la info\eZ430-RF2500 Wireless Sen #
#                            sor Monitor\Embedded\IAR\CC2500 Sensor Demo-Acces #
#                            s Point\Obj\nwk_ping.r43"                         #
#                            "C:\Users\Raúl\Desktop\Projecte\Provant - descobr #
#                            int com s'envia la info\eZ430-RF2500 Wireless Sen #
#                            sor Monitor\Embedded\IAR\CC2500 Sensor Demo-Acces #
#                            s Point\Obj\nwk_security.r43"                     #
#                            "C:\Users\Raúl\Desktop\Projecte\Provant - descobr #
#                            int com s'envia la info\eZ430-RF2500 Wireless Sen #
#                            sor Monitor\Embedded\IAR\CC2500 Sensor Demo-Acces #
#                            s Point\Obj\virtual_com_cmds.r43"                 #
#                            "C:\Users\Raúl\Desktop\Projecte\Provant - descobr #
#                            int com s'envia la info\eZ430-RF2500 Wireless Sen #
#                            sor Monitor\Embedded\IAR\CC2500 Sensor Demo-Acces #
#                            s Point\Obj\vlo_rand.r43"                         #
#                            -o                                                #
#                            "C:\Users\Raúl\Desktop\Projecte\Provant - descobr #
#                            int com s'envia la info\eZ430-RF2500 Wireless Sen #
#                            sor Monitor\Embedded\IAR\CC2500 Sensor Demo-Acces #
#                            s Point\Exe\Sensor_Demo_AP_as_Data_Hub.d43"       #
#                            -l                                                #
#                            "C:\Users\Raúl\Desktop\Projecte\Provant - descobr #
#                            int com s'envia la info\eZ430-RF2500 Wireless Sen #
#                            sor Monitor\Embedded\IAR\CC2500 Sensor Demo-Acces #
#                            s Point\List\Sensor_Demo_AP_as_Data_Hub.map"      #
#                            -xmsnio                                           #
#                            "-IC:\Program Files (x86)\IAR Systems\Embedded Wo #
#                            rkbench 6.0\430\LIB\"                             #
#                            -f                                                #
#                            "C:\Program Files (x86)\IAR Systems\Embedded Work #
#                            bench 6.0\430\CONFIG\lnk430F2274.xcl"             #
#                            (-cmsp430 -QCODE_I=CODE_ID                        #
#                            -Z(DATA)DATA16_I,DATA16_Z,DATA16_N,DATA16_HEAP+_D #
#                            ATA16_HEAP_SIZE=0200-05FF                         #
#                            -Z(DATA)CODE_I -Z(DATA)CSTACK+_STACK_SIZE#        #
#                            -Z(CONST)INFO=1000-10FF                           #
#                            -Z(CONST)INFOA=10C0-10FF                          #
#                            -Z(CONST)INFOB=1080-10BF                          #
#                            -Z(CONST)INFOC=1040-107F                          #
#                            -Z(CONST)INFOD=1000-103F                          #
#                            -Z(CONST)DATA16_C,DATA16_ID,DIFUNCT,CHECKSUM=8000 #
#                            -FFDF                                             #
#                            -Z(CODE)CSTART,ISR_CODE,CODE_ID=8000-FFDF         #
#                            -P(CODE)CODE=8000-FFDF -Z(CODE)INTVEC=FFE0-FFFF   #
#                            -Z(CODE)RESET=FFFE-FFFF) -D_STACK_SIZE=C8 -rt     #
#                            "C:\Program Files (x86)\IAR Systems\Embedded Work #
#                            bench 6.0\430\LIB\CLIB\cl430f.r43"                #
#                            -D_DATA16_HEAP_SIZE=0 -s __program_start          #
#                            -D_DATA20_HEAP_SIZE=50                            #
#                                                                              #
#                           Copyright (C) 1987-2010 IAR Systems AB.            #
################################################################################





                ****************************************
                *                                      *
                *           CROSS REFERENCE            *
                *                                      *
                ****************************************

       Program entry at :           82BE  Relocatable, from module : ?cstart




                ****************************************
                *                                      *
                *            RUNTIME MODEL             *
                *                                      *
                ****************************************

  __SystemLibrary = CLib
  __core          = 430
  __double_size   = 32
  __pic           = no
  __reg_r4        = free
  __reg_r5        = free
  __rt_version    = 3



                ****************************************
                *                                      *
                *              MODULE MAP              *
                *                                      *
                ****************************************


  DEFINED ABSOLUTE ENTRIES
    *************************************************************************

  DEFINED ABSOLUTE ENTRIES
  PROGRAM MODULE, NAME : ?ABS_ENTRY_MOD

Absolute parts
           ENTRY                   ADDRESS         REF BY
           =====                   =======         ======
           _DATA20_HEAP_SIZE       0050 
           _DATA16_HEAP_SIZE       0000 
           _STACK_SIZE             00C8 
    *************************************************************************

  FILE NAME : C:\Users\Raúl\Desktop\Projecte\Provant - descobrint com s'envia la info\eZ430-RF2500 Wireless Sensor Monitor\Embedded\IAR\CC2500 Sensor Demo-Access Point\Obj\bsp.r43
  PROGRAM MODULE, NAME : bsp

  SEGMENTS IN THE MODULE
  ======================
DATA16_AN
  Relative segment, address: 0056 - 0056 (0x1 bytes), align: 0
  Segment part 1. ROOT.       Intra module refs:   BSP_InitBoard
           ENTRY                   ADDRESS         REF BY
           =====                   =======         ======
           DCOCTL                  0056 
    -------------------------------------------------------------------------
DATA16_AN
  Relative segment, address: 0057 - 0057 (0x1 bytes), align: 0
  Segment part 2. ROOT.       Intra module refs:   BSP_InitBoard
           ENTRY                   ADDRESS         REF BY
           =====                   =======         ======
           BCSCTL1                 0057 
    -------------------------------------------------------------------------
DATA16_AN
  Relative segment, address: 0021 - 0021 (0x1 bytes), align: 0
  Segment part 3. ROOT.       Intra module refs:   BSP_InitButtons
                                                   BSP_InitLeds
                                                   main (main_AP)
           ENTRY                   ADDRESS         REF BY
           =====                   =======         ======
           P1OUT                   0021 
    -------------------------------------------------------------------------
DATA16_AN
  Relative segment, address: 0022 - 0022 (0x1 bytes), align: 0
  Segment part 4. ROOT.       Intra module refs:   BSP_InitLeds
           ENTRY                   ADDRESS         REF BY
           =====                   =======         ======
           P1DIR                   0022 
    -------------------------------------------------------------------------
DATA16_AN
  Relative segment, address: 0027 - 0027 (0x1 bytes), align: 0
  Segment part 5. ROOT.       Intra module refs:   BSP_InitButtons
           ENTRY                   ADDRESS         REF BY
           =====                   =======         ======
           P1REN                   0027 
    -------------------------------------------------------------------------
DATA16_AN
  Relative segment, address: 0160 - 0161 (0x2 bytes), align: 0
  Segment part 6. ROOT.       Intra module refs:   BSP_InitBoard
                                                   main (main_AP)
           ENTRY                   ADDRESS         REF BY
           =====                   =======         ======
           TACTL                   0160 
    -------------------------------------------------------------------------
DATA16_AN
  Relative segment, address: 0120 - 0121 (0x2 bytes), align: 0
  Segment part 7. ROOT.       Intra module refs:   __low_level_init
           ENTRY                   ADDRESS         REF BY
           =====                   =======         ======
           WDTCTL                  0120 
    -------------------------------------------------------------------------
DATA16_AN
  Relative segment, address: 10FC - 10FC (0x1 bytes), align: 0
  Segment part 8. ROOT.       Intra module refs:   BSP_InitBoard
           ENTRY                   ADDRESS         REF BY
           =====                   =======         ======
           CALDCO_8MHZ             10FC 
    -------------------------------------------------------------------------
DATA16_AN
  Relative segment, address: 10FD - 10FD (0x1 bytes), align: 0
  Segment part 9. ROOT.       Intra module refs:   BSP_InitBoard
           ENTRY                   ADDRESS         REF BY
           =====                   =======         ======
           CALBC1_8MHZ             10FD 
    -------------------------------------------------------------------------
<CODE> 1 (was CODE)
  Relative segment, address: A438 - A44F (0x18 bytes), align: 1
  Segment part 18.
           ENTRY                   ADDRESS         REF BY
           =====                   =======         ======
           BSP_Init                A438            main (main_AP)
               calls direct
               CSTACK = 00000000 ( 00000004 )
    -------------------------------------------------------------------------
DATA16_Z
  Relative segment, address: 0294 - 0294 (0x1 bytes), align: 0
  Segment part 11.            Intra module refs:   BSP_Delay
                                                   BSP_InitBoard
           LOCAL                   ADDRESS         
           =====                   =======         
           sIterationsPerUsec      0294 
    -------------------------------------------------------------------------
<CODE> 1 (was CODE)
  Relative segment, address: A600 - A609 (0xa bytes), align: 1
  Segment part 17. ROOT.
           ENTRY                   ADDRESS         REF BY
           =====                   =======         ======
           __low_level_init        A600            ?cstart_call_low_level_init (?cstart)
               CSTACK = 00000000 ( 00000002 )
    -------------------------------------------------------------------------
<CODE> 1 (was CODE)
  Relative segment, address: A336 - A355 (0x20 bytes), align: 1
  Segment part 16.            Intra module refs:   BSP_Init
           ENTRY                   ADDRESS         REF BY
           =====                   =======         ======
           BSP_InitBoard           A336 
               CSTACK = 00000000 ( 00000002 )
    -------------------------------------------------------------------------
<CODE> 1 (was CODE)
  Relative segment, address: A314 - A335 (0x22 bytes), align: 1
  Segment part 15.
           ENTRY                   ADDRESS         REF BY
           =====                   =======         ======
           BSP_Delay               A314            ?Subroutine9 (mrfi)
               CSTACK = 00000000 ( 00000004 )
    -------------------------------------------------------------------------
CODE
  Segment part 14. NOT NEEDED.
           ENTRY                   ADDRESS         REF BY
           =====                   =======         ======
           BSP_InitDrivers         
               calls direct
    -------------------------------------------------------------------------
<CODE> 1 (was CODE)
  Relative segment, address: A4F8 - A509 (0x12 bytes), align: 1
  Segment part 13.            Intra module refs:   BSP_Init
           ENTRY                   ADDRESS         REF BY
           =====                   =======         ======
           BSP_InitLeds            A4F8 
               CSTACK = 00000000 ( 00000002 )
    -------------------------------------------------------------------------
<CODE> 1 (was CODE)
  Relative segment, address: A61E - A627 (0xa bytes), align: 1
  Segment part 12.            Intra module refs:   BSP_Init
           ENTRY                   ADDRESS         REF BY
           =====                   =======         ======
           BSP_InitButtons         A61E 
               CSTACK = 00000000 ( 00000002 )
    -------------------------------------------------------------------------
CSTACK
  Segment part 10. NOT NEEDED.
    -------------------------------------------------------------------------
CODE
  Segment part 19. NOT NEEDED.
           ENTRY                   ADDRESS         REF BY
           =====                   =======         ======
           ?setjmp_save_r4         
    -------------------------------------------------------------------------
CODE
  Segment part 20. NOT NEEDED.
           ENTRY                   ADDRESS         REF BY
           =====                   =======         ======
           ?setjmp_save_r5         

    *************************************************************************

  FILE NAME : C:\Users\Raúl\Desktop\Projecte\Provant - descobrint com s'envia la info\eZ430-RF2500 Wireless Sensor Monitor\Embedded\IAR\CC2500 Sensor Demo-Access Point\Obj\main_AP.r43
  PROGRAM MODULE, NAME : main_AP

  SEGMENTS IN THE MODULE
  ======================
DATA16_AN
  Relative segment, address: 01B0 - 01B1 (0x2 bytes), align: 0
  Segment part 1. ROOT.       Intra module refs:   main
           ENTRY                   ADDRESS         REF BY
           =====                   =======         ======
           ADC10CTL0               01B0 
    -------------------------------------------------------------------------
DATA16_AN
  Relative segment, address: 01B2 - 01B3 (0x2 bytes), align: 0
  Segment part 2. ROOT.       Intra module refs:   main
           ENTRY                   ADDRESS         REF BY
           =====                   =======         ======
           ADC10CTL1               01B2 
    -------------------------------------------------------------------------
DATA16_AN
  Relative segment, address: 01B4 - 01B5 (0x2 bytes), align: 0
  Segment part 3. ROOT.       Intra module refs:   main
           ENTRY                   ADDRESS         REF BY
           =====                   =======         ======
           ADC10MEM                01B4 
    -------------------------------------------------------------------------
DATA16_AN
  Relative segment, address: 0053 - 0053 (0x1 bytes), align: 0
  Segment part 4. ROOT.       Intra module refs:   main
           ENTRY                   ADDRESS         REF BY
           =====                   =======         ======
           BCSCTL3                 0053 
    -------------------------------------------------------------------------
DATA16_AN
  Relative segment, address: 0020 - 0020 (0x1 bytes), align: 0
  Segment part 5. ROOT.       Intra module refs:   main
           ENTRY                   ADDRESS         REF BY
           =====                   =======         ======
           P1IN                    0020 
    -------------------------------------------------------------------------
DATA16_AN
  Segment part 6. TENTATIVE. Used definition from bsp
           ENTRY                   ADDRESS         REF BY
           =====                   =======         ======
           P1OUT                   
    -------------------------------------------------------------------------
DATA16_AN
  Segment part 7. TENTATIVE. Used definition from bsp
           ENTRY                   ADDRESS         REF BY
           =====                   =======         ======
           TACTL                   
    -------------------------------------------------------------------------
DATA16_AN
  Relative segment, address: 0162 - 0163 (0x2 bytes), align: 0
  Segment part 8. ROOT.       Intra module refs:   main
           ENTRY                   ADDRESS         REF BY
           =====                   =======         ======
           TACCTL0                 0162 
    -------------------------------------------------------------------------
DATA16_AN
  Relative segment, address: 0172 - 0173 (0x2 bytes), align: 0
  Segment part 9. ROOT.       Intra module refs:   main
           ENTRY                   ADDRESS         REF BY
           =====                   =======         ======
           TACCR0                  0172 
    -------------------------------------------------------------------------
DATA16_Z
  Relative segment, address: 0295 - 029C (0x8 bytes), align: 0
  Segment part 17.            Intra module refs:   main
           LOCAL                   ADDRESS         
           =====                   =======         
           sLID                    0295 
    -------------------------------------------------------------------------
DATA16_Z
  Relative segment, address: 029D - 029D (0x1 bytes), align: 0
  Segment part 18.            Intra module refs:   main
           LOCAL                   ADDRESS         
           =====                   =======         
           sNumCurrentPeers        029D 
    -------------------------------------------------------------------------
DATA16_Z
  Relative segment, address: 029E - 029E (0x1 bytes), align: 0
  Segment part 19.            Intra module refs:   main
                                                   sCB
           LOCAL                   ADDRESS         
           =====                   =======         
           sPeerFrameSem           029E 
    -------------------------------------------------------------------------
DATA16_Z
  Relative segment, address: 029F - 029F (0x1 bytes), align: 0
  Segment part 20.            Intra module refs:   main
                                                   sCB
           LOCAL                   ADDRESS         
           =====                   =======         
           sJoinSem                029F 
    -------------------------------------------------------------------------
DATA16_Z
  Relative segment, address: 02A0 - 02A0 (0x1 bytes), align: 0
  Segment part 21.            Intra module refs:   Timer_A
                                                   main
           LOCAL                   ADDRESS         
           =====                   =======         
           sSelfMeasureSem         02A0 
    -------------------------------------------------------------------------
DATA16_Z
  Relative segment, address: 02A1 - 02A1 (0x1 bytes), align: 0
  Segment part 22.            Intra module refs:   main
                                                   sCB
           LOCAL                   ADDRESS         
           =====                   =======         
           sBlinky                 02A1 
    -------------------------------------------------------------------------
DATA16_C
  Relative segment, address: 800C - 8026 (0x1b bytes), align: 0
  Segment part 13.            Intra module refs:   main
    -------------------------------------------------------------------------
DATA16_C
  Relative segment, address: 8027 - 802D (0x7 bytes), align: 0
  Segment part 14.            Intra module refs:   main
    -------------------------------------------------------------------------
DATA16_C
  Relative segment, address: 802E - 8032 (0x5 bytes), align: 0
  Segment part 15.            Intra module refs:   main
    -------------------------------------------------------------------------
DATA16_C
  Relative segment, address: 8033 - 8036 (0x4 bytes), align: 0
  Segment part 16.            Intra module refs:   main
    -------------------------------------------------------------------------
DATA16_C
  Relative segment, address: 8037 - 81C2 (0x18c bytes), align: 0
  Segment part 23.            Intra module refs:   main
           ENTRY                   ADDRESS         REF BY
           =====                   =======         ======
           splash                  8037 
    -------------------------------------------------------------------------
DATA16_I
  Relative segment, address: 0200 - 0201 (0x2 bytes), align: 1
  Segment part 24.            Intra module refs:   main
           ENTRY                   ADDRESS         REF BY
           =====                   =======         ======
           tempOffset              0200 
    -------------------------------------------------------------------------
<CODE> 1 (was CODE)
  Relative segment, address: 8956 - 8B8D (0x238 bytes), align: 1
  Segment part 29.
           ENTRY                   ADDRESS         REF BY
           =====                   =======         ======
           main                    8956            Segment part 14 (?cstart)
               calls direct
               CSTACK = 00000000 ( 0000002C )
    -------------------------------------------------------------------------
<CODE> 1 (was CODE)
  Relative segment, address: A494 - A4A9 (0x16 bytes), align: 1
  Segment part 30.            Intra module refs:   main
           LOCAL                   ADDRESS         
           =====                   =======         
           ?Subroutine0            A494 
    -------------------------------------------------------------------------
<CODE> 1 (was CODE)
  Relative segment, address: A4AA - A4BF (0x16 bytes), align: 1
  Segment part 28.            Intra module refs:   main
           LOCAL                   ADDRESS         
           =====                   =======         
           sCB                     A4AA 
               CSTACK = 00000000 ( 00000002 )
    -------------------------------------------------------------------------
<CODE> 1 (was CODE)
  Relative segment, address: A630 - A637 (0x8 bytes), align: 1
  Segment part 27.            Intra module refs:   ADC10_ISR::??INTVEC 10
           ENTRY                   ADDRESS         REF BY
           =====                   =======         ======
           ADC10_ISR               A630 
               interrupt function
               CSTACK = 00000000 ( 00000004 )
    -------------------------------------------------------------------------
<CODE> 1 (was CODE)
  Relative segment, address: A644 - A649 (0x6 bytes), align: 1
  Segment part 26.            Intra module refs:   Timer_A::??INTVEC 18
           ENTRY                   ADDRESS         REF BY
           =====                   =======         ======
           Timer_A                 A644 
               interrupt function
               CSTACK = 00000000 ( 00000004 )
    -------------------------------------------------------------------------
INTVEC
  Common segment, address: FFE0 - FFEB (0xc bytes), align: 1
  Segment part 10. ROOT.
           ENTRY                   ADDRESS         REF BY
           =====                   =======         ======
           ADC10_ISR::??INTVEC 10
                                   FFEA 
    -------------------------------------------------------------------------
INTVEC
  Common segment, address: FFE0 - FFF3 (0x14 bytes), align: 1
  Segment part 11. ROOT.
           ENTRY                   ADDRESS         REF BY
           =====                   =======         ======
           Timer_A::??INTVEC 18    FFF2 
    -------------------------------------------------------------------------
CSTACK
  Segment part 12. NOT NEEDED.
    -------------------------------------------------------------------------
DATA16_ID
  Relative segment, address: 823E - 823F (0x2 bytes), align: 1
  Segment part 25.            Intra module refs:   tempOffset
    -------------------------------------------------------------------------
CODE
  Segment part 31. TENTATIVE. Used definition from bsp
           ENTRY                   ADDRESS         REF BY
           =====                   =======         ======
           ?setjmp_save_r4         
    -------------------------------------------------------------------------
CODE
  Segment part 32. TENTATIVE. Used definition from bsp
           ENTRY                   ADDRESS         REF BY
           =====                   =======         ======
           ?setjmp_save_r5         

    *************************************************************************

  FILE NAME : C:\Users\Raúl\Desktop\Projecte\Provant - descobrint com s'envia la info\eZ430-RF2500 Wireless Sensor Monitor\Embedded\IAR\CC2500 Sensor Demo-Access Point\Obj\mrfi.r43
  PROGRAM MODULE, NAME : mrfi

  SEGMENTS IN THE MODULE
  ======================
DATA16_AN
  Relative segment, address: 0003 - 0003 (0x1 bytes), align: 0
  Segment part 1. ROOT.       Intra module refs:   MRFI_Init
                                                   TXString (virtual_com_cmds)
                                                   mrfiSpiCmdStrobe
                                                   spiBurstFifoAccess
                                                   spiRegAccess
           ENTRY                   ADDRESS         REF BY
           =====                   =======         ======
           IFG2                    0003 
    -------------------------------------------------------------------------
DATA16_AN
  Relative segment, address: 0028 - 0028 (0x1 bytes), align: 0
  Segment part 2. ROOT.       Intra module refs:   MRFI_Transmit
           ENTRY                   ADDRESS         REF BY
           =====                   =======         ======
           P2IN                    0028 
    -------------------------------------------------------------------------
DATA16_AN
  Relative segment, address: 002B - 002B (0x1 bytes), align: 0
  Segment part 3. ROOT.       Intra module refs:   MRFI_GpioIsr
                                                   MRFI_Init
                                                   MRFI_Transmit
                                                   Mrfi_RxModeOff
                                                   Mrfi_RxModeOn
           ENTRY                   ADDRESS         REF BY
           =====                   =======         ======
           P2IFG                   002B 
    -------------------------------------------------------------------------
DATA16_AN
  Relative segment, address: 002C - 002C (0x1 bytes), align: 0
  Segment part 4. ROOT.       Intra module refs:   MRFI_Init
           ENTRY                   ADDRESS         REF BY
           =====                   =======         ======
           P2IES                   002C 
    -------------------------------------------------------------------------
DATA16_AN
  Relative segment, address: 002D - 002D (0x1 bytes), align: 0
  Segment part 5. ROOT.       Intra module refs:   MRFI_GpioIsr
                                                   Mrfi_RxModeOff
                                                   Mrfi_RxModeOn
           ENTRY                   ADDRESS         REF BY
           =====                   =======         ======
           P2IE                    002D 
    -------------------------------------------------------------------------
DATA16_AN
  Relative segment, address: 002E - 002E (0x1 bytes), align: 0
  Segment part 6. ROOT.       Intra module refs:   MRFI_Init
           ENTRY                   ADDRESS         REF BY
           =====                   =======         ======
           P2SEL                   002E 
    -------------------------------------------------------------------------
DATA16_AN
  Relative segment, address: 0018 - 0018 (0x1 bytes), align: 0
  Segment part 7. ROOT.       Intra module refs:   MRFI_Init
                                                   MRFI_WakeUp
           ENTRY                   ADDRESS         REF BY
           =====                   =======         ======
           P3IN                    0018 
    -------------------------------------------------------------------------
DATA16_AN
  Relative segment, address: 0019 - 0019 (0x1 bytes), align: 0
  Segment part 8. ROOT.       Intra module refs:   MRFI_Init
                                                   MRFI_WakeUp
                                                   mrfiSpiCmdStrobe
                                                   mrfiSpiInit
                                                   spiBurstFifoAccess
                                                   spiRegAccess
           ENTRY                   ADDRESS         REF BY
           =====                   =======         ======
           P3OUT                   0019 
    -------------------------------------------------------------------------
DATA16_AN
  Relative segment, address: 001A - 001A (0x1 bytes), align: 0
  Segment part 9. ROOT.       Intra module refs:   mrfiSpiInit
           ENTRY                   ADDRESS         REF BY
           =====                   =======         ======
           P3DIR                   001A 
    -------------------------------------------------------------------------
DATA16_AN
  Relative segment, address: 001B - 001B (0x1 bytes), align: 0
  Segment part 10. ROOT.      Intra module refs:   COM_Init (virtual_com_cmds)
                                                   mrfiSpiInit
           ENTRY                   ADDRESS         REF BY
           =====                   =======         ======
           P3SEL                   001B 
    -------------------------------------------------------------------------
DATA16_AN
  Relative segment, address: 0068 - 0068 (0x1 bytes), align: 0
  Segment part 11. ROOT.      Intra module refs:   mrfiSpiCmdStrobe
                                                   mrfiSpiInit
                                                   spiBurstFifoAccess
                                                   spiRegAccess
           ENTRY                   ADDRESS         REF BY
           =====                   =======         ======
           UCB0CTL0                0068 
    -------------------------------------------------------------------------
DATA16_AN
  Relative segment, address: 0069 - 0069 (0x1 bytes), align: 0
  Segment part 12. ROOT.      Intra module refs:   mrfiSpiInit
           ENTRY                   ADDRESS         REF BY
           =====                   =======         ======
           UCB0CTL1                0069 
    -------------------------------------------------------------------------
DATA16_AN
  Relative segment, address: 006A - 006A (0x1 bytes), align: 0
  Segment part 13. ROOT.      Intra module refs:   mrfiSpiInit
           ENTRY                   ADDRESS         REF BY
           =====                   =======         ======
           UCB0BR0                 006A 
    -------------------------------------------------------------------------
DATA16_AN
  Relative segment, address: 006B - 006B (0x1 bytes), align: 0
  Segment part 14. ROOT.      Intra module refs:   mrfiSpiInit
           ENTRY                   ADDRESS         REF BY
           =====                   =======         ======
           UCB0BR1                 006B 
    -------------------------------------------------------------------------
DATA16_AN
  Relative segment, address: 006E - 006E (0x1 bytes), align: 0
  Segment part 15. ROOT.      Intra module refs:   mrfiSpiCmdStrobe
                                                   spiBurstFifoAccess
                                                   spiRegAccess
           ENTRY                   ADDRESS         REF BY
           =====                   =======         ======
           UCB0RXBUF               006E 
    -------------------------------------------------------------------------
DATA16_AN
  Relative segment, address: 006F - 006F (0x1 bytes), align: 0
  Segment part 16. ROOT.      Intra module refs:   MRFI_Init
                                                   mrfiSpiCmdStrobe
                                                   spiBurstFifoAccess
                                                   spiRegAccess
           ENTRY                   ADDRESS         REF BY
           =====                   =======         ======
           UCB0TXBUF               006F 
    -------------------------------------------------------------------------
DATA16_C
  Relative segment, address: 81C3 - 81FE (0x3c bytes), align: 0
  Segment part 19.            Intra module refs:   MRFI_Init
           LOCAL                   ADDRESS         
           =====                   =======         
           mrfiRadioCfg            81C3 
    -------------------------------------------------------------------------
DATA16_Z
  Relative segment, address: 02A2 - 02A2 (0x1 bytes), align: 0
  Segment part 20.            Intra module refs:   ?Subroutine13
                                                   ?Subroutine3
                                                   ?Subroutine6
                                                   MRFI_GetRadioState
                                                   MRFI_Init
                                                   MRFI_RxIdle
                                                   MRFI_RxOn
                                                   MRFI_Sleep
                                                   MRFI_Transmit
                                                   MRFI_WakeUp
           LOCAL                   ADDRESS         
           =====                   =======         
           mrfiRadioState          02A2 
    -------------------------------------------------------------------------
DATA16_Z
  Relative segment, address: 02A3 - 02BA (0x18 bytes), align: 0
  Segment part 21.            Intra module refs:   MRFI_Init
                                                   MRFI_Receive
                                                   Mrfi_SyncPinRxIsr
                                                   Segment part 50
           LOCAL                   ADDRESS         
           =====                   =======         
           mrfiIncomingPacket      02A3 
    -------------------------------------------------------------------------
DATA16_Z
  Relative segment, address: 02BB - 02BB (0x1 bytes), align: 0
  Segment part 22.            Intra module refs:   MRFI_Init
                                                   MRFI_RandomByte
           LOCAL                   ADDRESS         
           =====                   =======         
           mrfiRndSeed             02BB 
    -------------------------------------------------------------------------
DATA16_Z
  Relative segment, address: 02BC - 02BC (0x1 bytes), align: 0
  Segment part 23.            Intra module refs:   MRFI_PostKillSem
           LOCAL                   ADDRESS         
           =====                   =======         
           sKillSem                02BC 
    -------------------------------------------------------------------------
DATA16_Z
  Relative segment, address: 02BD - 02BD (0x1 bytes), align: 0
  Segment part 24.            Intra module refs:   MRFI_PostKillSem
           LOCAL                   ADDRESS         
           =====                   =======         
           sReplyDelayContext      02BD 
    -------------------------------------------------------------------------
DATA16_Z
  Relative segment, address: 0280 - 0281 (0x2 bytes), align: 1
  Segment part 25.            Intra module refs:   MRFI_Init
           LOCAL                   ADDRESS         
           =====                   =======         
           sReplyDelayScalar       0280 
    -------------------------------------------------------------------------
DATA16_Z
  Relative segment, address: 0282 - 0283 (0x2 bytes), align: 1
  Segment part 26.            Intra module refs:   MRFI_Init
                                                   MRFI_Transmit
           LOCAL                   ADDRESS         
           =====                   =======         
           sBackoffHelper          0282 
    -------------------------------------------------------------------------
DATA16_C
  Relative segment, address: 81FF - 8202 (0x4 bytes), align: 0
  Segment part 27.            Intra module refs:   MRFI_RxAddrIsFiltered
           ENTRY                   ADDRESS         REF BY
           =====                   =======         ======
           mrfiBroadcastAddr       81FF            nwk_getBCastAddress (nwk_globals)
    -------------------------------------------------------------------------
DATA16_C
  Relative segment, address: 8203 - 8206 (0x4 bytes), align: 0
  Segment part 28.            Intra module refs:   MRFI_SetLogicalChannel
           LOCAL                   ADDRESS         
           =====                   =======         
           mrfiLogicalChanTable    8203 
    -------------------------------------------------------------------------
DATA16_C
  Relative segment, address: 8207 - 8209 (0x3 bytes), align: 0
  Segment part 29.            Intra module refs:   MRFI_SetRFPwr
           LOCAL                   ADDRESS         
           =====                   =======         
           mrfiRFPowerTable        8207 
    -------------------------------------------------------------------------
DATA16_Z
  Relative segment, address: 02BE - 02BE (0x1 bytes), align: 0
  Segment part 30.            Intra module refs:   MRFI_RxAddrIsFiltered
           LOCAL                   ADDRESS         
           =====                   =======         
           mrfiRxFilterEnabled     02BE 
    -------------------------------------------------------------------------
DATA16_I
  Relative segment, address: 0202 - 0205 (0x4 bytes), align: 0
  Segment part 31.            Intra module refs:   MRFI_RxAddrIsFiltered
           LOCAL                   ADDRESS         
           =====                   =======         
           mrfiRxFilterAddr        0202 
    -------------------------------------------------------------------------
<CODE> 1 (was CODE)
  Relative segment, address: 82EE - 832B (0x3e bytes), align: 1
  Segment part 34.            Intra module refs:   Mrfi_SyncPinRxIsr
           ENTRY                   ADDRESS         REF BY
           =====                   =======         ======
           MRFI_RxAddrIsFiltered   82EE 
               CSTACK = 00000000 ( 00000006 )
    -------------------------------------------------------------------------
<CODE> 1 (was CODE)
  Relative segment, address: 832C - 8341 (0x16 bytes), align: 1
  Segment part 35.            Intra module refs:   ?Subroutine11
                                                   MRFI_Init
                                                   MRFI_Sleep
                                                   MRFI_Transmit
                                                   Mrfi_RxModeOff
                                                   Mrfi_RxModeOn
                                                   Mrfi_SyncPinRxIsr
           ENTRY                   ADDRESS         REF BY
           =====                   =======         ======
           mrfiSpiCmdStrobe        832C 
               CSTACK = 00000000 ( 00000002 )
    -------------------------------------------------------------------------
<CODE> 1 (was CODE)
  Relative segment, address: 8342 - 8349 (0x8 bytes), align: 1
  Segment part 36.            Intra module refs:   mrfiSpiCmdStrobe
                                                   spiRegAccess
           LOCAL                   ADDRESS         
           =====                   =======         
           ?Subroutine0            8342 
    -------------------------------------------------------------------------
<CODE> 1 (was CODE)
  Relative segment, address: 834A - 8351 (0x8 bytes), align: 1
  Segment part 37.            Intra module refs:   ?Subroutine0
                                                   spiBurstFifoAccess
    -------------------------------------------------------------------------
<CODE> 1 (was CODE)
  Relative segment, address: 8352 - 83AB (0x5a bytes), align: 1
  Segment part 38.            Intra module refs:   mrfiSpiReadRxFifo
                                                   mrfiSpiWriteTxFifo
           LOCAL                   ADDRESS         
           =====                   =======         
           spiBurstFifoAccess      8352 
               CSTACK = 00000000 ( 00000002 )
    -------------------------------------------------------------------------
<CODE> 1 (was CODE)
  Relative segment, address: 83AC - 83AF (0x4 bytes), align: 1
  Segment part 39.            Intra module refs:   mrfiSpiCmdStrobe
                                                   spiBurstFifoAccess
                                                   spiRegAccess
           LOCAL                   ADDRESS         
           =====                   =======         
           ?Subroutine4            83AC 
    -------------------------------------------------------------------------
<CODE> 1 (was CODE)
  Relative segment, address: 83B0 - 83B9 (0xa bytes), align: 1
  Segment part 40.            Intra module refs:   ?Subroutine4
                                                   MRFI_Init
                                                   spiBurstFifoAccess
           LOCAL                   ADDRESS         
           =====                   =======         
           ?Subroutine19           83B0 
    -------------------------------------------------------------------------
<CODE> 1 (was CODE)
  Relative segment, address: 83BA - 83C3 (0xa bytes), align: 1
  Segment part 41.            Intra module refs:   Mrfi_SyncPinRxIsr
           ENTRY                   ADDRESS         REF BY
           =====                   =======         ======
           mrfiSpiReadRxFifo       83BA 
               calls direct
               CSTACK = 00000000 ( 00000002 )
    -------------------------------------------------------------------------
<CODE> 1 (was CODE)
  Relative segment, address: 83C4 - 83D9 (0x16 bytes), align: 1
  Segment part 42.            Intra module refs:   mrfiSpiReadReg
                                                   mrfiSpiWriteReg
           LOCAL                   ADDRESS         
           =====                   =======         
           spiRegAccess            83C4 
               CSTACK = 00000000 ( 00000002 )
    -------------------------------------------------------------------------
<CODE> 1 (was CODE)
  Relative segment, address: 83DA - 83E1 (0x8 bytes), align: 1
  Segment part 43.            Intra module refs:   ?Subroutine0
                                                   MRFI_Init
                                                   spiBurstFifoAccess
                                                   spiRegAccess
           LOCAL                   ADDRESS         
           =====                   =======         
           ?Subroutine12           83DA 
    -------------------------------------------------------------------------
<CODE> 1 (was CODE)
  Relative segment, address: 83E2 - 83EF (0xe bytes), align: 1
  Segment part 44.            Intra module refs:   mrfiSpiCmdStrobe
                                                   spiRegAccess
           LOCAL                   ADDRESS         
           =====                   =======         
           ?Subroutine8            83E2 
    -------------------------------------------------------------------------
<CODE> 1 (was CODE)
  Relative segment, address: 83F0 - 83FF (0x10 bytes), align: 1
  Segment part 45.            Intra module refs:   ?Subroutine8
                                                   spiBurstFifoAccess
           LOCAL                   ADDRESS         
           =====                   =======         
           ?Subroutine18           83F0 
    -------------------------------------------------------------------------
<CODE> 1 (was CODE)
  Relative segment, address: 8400 - 8413 (0x14 bytes), align: 1
  Segment part 46.            Intra module refs:   ?Subroutine14
                                                   MRFI_Init
                                                   MRFI_Rssi
                                                   Mrfi_SyncPinRxIsr
           ENTRY                   ADDRESS         REF BY
           =====                   =======         ======
           mrfiSpiReadReg          8400 
               calls direct
               CSTACK = 00000000 ( 00000002 )
    -------------------------------------------------------------------------
<CODE> 1 (was CODE)
  Relative segment, address: 8414 - 841D (0xa bytes), align: 1
  Segment part 47.            Intra module refs:   ?Subroutine5
                                                   mrfiSpiCmdStrobe
                                                   mrfiSpiReadReg
           LOCAL                   ADDRESS         
           =====                   =======         
           ?Subroutine17           8414 
    -------------------------------------------------------------------------
<CODE> 1 (was CODE)
  Relative segment, address: 841E - 84D9 (0xbc bytes), align: 1
  Segment part 48.            Intra module refs:   MRFI_GpioIsr
           LOCAL                   ADDRESS         
           =====                   =======         
           Mrfi_SyncPinRxIsr       841E 
               calls direct and indirect
               CSTACK = 00000000 ( 00000008 )
    -------------------------------------------------------------------------
<CODE> 1 (was CODE)
  Relative segment, address: 84DA - 84DD (0x4 bytes), align: 1
  Segment part 49.            Intra module refs:   MRFI_Init
                                                   Mrfi_SyncPinRxIsr
           LOCAL                   ADDRESS         
           =====                   =======         
           ?Subroutine15           84DA 
    -------------------------------------------------------------------------
<CODE> 1 (was CODE)
  Relative segment, address: 84DE - 84E7 (0xa bytes), align: 1
  Segment part 50.            Intra module refs:   ?Subroutine15
                                                   MRFI_Init
    -------------------------------------------------------------------------
<CODE> 1 (was CODE)
  Relative segment, address: 84E8 - 8501 (0x1a bytes), align: 1
  Segment part 51.            Intra module refs:   BSP_GpioPort1Isr
           ENTRY                   ADDRESS         REF BY
           =====                   =======         ======
           MRFI_GpioIsr            84E8 
               calls direct
               CSTACK = 00000000 ( 00000002 )
    -------------------------------------------------------------------------
<CODE> 1 (was CODE)
  Relative segment, address: 8502 - 8517 (0x16 bytes), align: 1
  Segment part 52.            Intra module refs:   BSP_GpioPort1Isr::??INTVEC 6
           ENTRY                   ADDRESS         REF BY
           =====                   =======         ======
           BSP_GpioPort1Isr        8502 
               interrupt function
               calls direct
               CSTACK = 00000000 ( 0000000C )
    -------------------------------------------------------------------------
<CODE> 1 (was CODE)
  Relative segment, address: 8518 - 8529 (0x12 bytes), align: 1
  Segment part 53.            Intra module refs:   ?Subroutine13
                                                   MRFI_Init
                                                   MRFI_Transmit
                                                   MRFI_WakeUp
           ENTRY                   ADDRESS         REF BY
           =====                   =======         ======
           mrfiSpiWriteReg         8518 
               calls direct
               CSTACK = 00000000 ( 00000002 )
    -------------------------------------------------------------------------
CODE
  Segment part 54. NOT NEEDED.
           ENTRY                   ADDRESS         REF BY
           =====                   =======         ======
           MRFI_DisableRxAddrFilter
                                   
               calls direct
    -------------------------------------------------------------------------
CODE
  Segment part 55. NOT NEEDED.
           ENTRY                   ADDRESS         REF BY
           =====                   =======         ======
           MRFI_EnableRxAddrFilter
                                   
               calls direct
    -------------------------------------------------------------------------
<CODE> 1 (was CODE)
  Relative segment, address: 852A - 8533 (0xa bytes), align: 1
  Segment part 56.            Intra module refs:   MRFI_Transmit
                                                   spiBurstFifoAccess
           LOCAL                   ADDRESS         
           =====                   =======         
           ?Subroutine7            852A 
    -------------------------------------------------------------------------
CODE
  Segment part 57. NOT NEEDED.
           ENTRY                   ADDRESS         REF BY
           =====                   =======         ======
           MRFI_SetRxAddrFilter    
               calls direct
    -------------------------------------------------------------------------
<CODE> 1 (was CODE)
  Relative segment, address: 8534 - 8547 (0x14 bytes), align: 1
  Segment part 58.            Intra module refs:   ?Subroutine13
                                                   MRFI_RxOn
           LOCAL                   ADDRESS         
           =====                   =======         
           Mrfi_RxModeOn           8534 
               calls direct
               CSTACK = 00000000 ( 00000002 )
    -------------------------------------------------------------------------
<CODE> 1 (was CODE)
  Relative segment, address: 8548 - 8559 (0x12 bytes), align: 1
  Segment part 59.            Intra module refs:   ?Subroutine5
                                                   MRFI_Init
                                                   MRFI_RxIdle
                                                   MRFI_Transmit
           LOCAL                   ADDRESS         
           =====                   =======         
           Mrfi_RxModeOff          8548 
               calls direct
               CSTACK = 00000000 ( 00000002 )
    -------------------------------------------------------------------------
<CODE> 1 (was CODE)
  Relative segment, address: 855A - 8561 (0x8 bytes), align: 1
  Segment part 60.            Intra module refs:   MRFI_GpioIsr
                                                   MRFI_Init
                                                   MRFI_Transmit
                                                   Mrfi_RxModeOff
                                                   Mrfi_RxModeOn
           LOCAL                   ADDRESS         
           =====                   =======         
           ?Subroutine16           855A 
    -------------------------------------------------------------------------
<CODE> 1 (was CODE)
  Relative segment, address: 8562 - 8573 (0x12 bytes), align: 1
  Segment part 61.            Intra module refs:   MRFI_Init
           ENTRY                   ADDRESS         REF BY
           =====                   =======         ======
           MRFI_SetRFPwr           8562            nwk_radioControl (nwk_ioctl)
               calls direct
               CSTACK = 00000000 ( 00000002 )
    -------------------------------------------------------------------------
<CODE> 1 (was CODE)
  Relative segment, address: 8574 - 8585 (0x12 bytes), align: 1
  Segment part 62.            Intra module refs:   MRFI_SetLogicalChannel
                                                   MRFI_SetRFPwr
                                                   MRFI_Transmit
           LOCAL                   ADDRESS         
           =====                   =======         
           ?Subroutine13           8574 
    -------------------------------------------------------------------------
<CODE> 1 (was CODE)
  Relative segment, address: 8586 - 8597 (0x12 bytes), align: 1
  Segment part 63.            Intra module refs:   MRFI_Init
           ENTRY                   ADDRESS         REF BY
           =====                   =======         ======
           MRFI_SetLogicalChannel
                                   8586 
               calls direct
               CSTACK = 00000000 ( 00000002 )
    -------------------------------------------------------------------------
<CODE> 1 (was CODE)
  Relative segment, address: 8598 - 859F (0x8 bytes), align: 1
  Segment part 64.            Intra module refs:   MRFI_SetLogicalChannel
                                                   MRFI_SetRFPwr
           LOCAL                   ADDRESS         
           =====                   =======         
           ?Subroutine5            8598 
    -------------------------------------------------------------------------
<CODE> 1 (was CODE)
  Relative segment, address: 85A0 - 85AB (0xc bytes), align: 1
  Segment part 65.            Intra module refs:   MRFI_Transmit
           ENTRY                   ADDRESS         REF BY
           =====                   =======         ======
           mrfiSpiWriteTxFifo      85A0 
               calls direct
               CSTACK = 00000000 ( 00000002 )
    -------------------------------------------------------------------------
<CODE> 1 (was CODE)
  Relative segment, address: 85AC - 85DF (0x34 bytes), align: 1
  Segment part 66.            Intra module refs:   MRFI_Init
           ENTRY                   ADDRESS         REF BY
           =====                   =======         ======
           mrfiSpiInit             85AC 
               CSTACK = 00000000 ( 00000002 )
    -------------------------------------------------------------------------
<CODE> 1 (was CODE)
  Relative segment, address: 85E0 - 85E5 (0x6 bytes), align: 1
  Segment part 67.
           ENTRY                   ADDRESS         REF BY
           =====                   =======         ======
           MRFI_GetRadioState      85E0            SMPL_LinkListen (nwk_api)
               CSTACK = 00000000 ( 00000002 )
    -------------------------------------------------------------------------
<CODE> 1 (was CODE)
  Relative segment, address: 85E6 - 85F1 (0xc bytes), align: 1
  Segment part 68.
           ENTRY                   ADDRESS         REF BY
           =====                   =======         ======
           MRFI_PostKillSem        85E6            nwk_isConnectionValid (nwk)
                                                   nwk_processJoin (nwk_join)
                                                   nwk_processLink (nwk_link)
                                                   nwk_processMgmt (nwk_mgmt)
                                                   nwk_processPing (nwk_ping)
               CSTACK = 00000000 ( 00000002 )
    -------------------------------------------------------------------------
CODE
  Segment part 69. NOT NEEDED.
           ENTRY                   ADDRESS         REF BY
           =====                   =======         ======
           MRFI_ReplyDelay         
               calls direct
    -------------------------------------------------------------------------
<CODE> 1 (was CODE)
  Relative segment, address: 85F2 - 8611 (0x20 bytes), align: 1
  Segment part 70.            Intra module refs:   ?Subroutine14
                                                   MRFI_DelayMs
                                                   MRFI_Init
                                                   MRFI_Transmit
           LOCAL                   ADDRESS         
           =====                   =======         
           Mrfi_DelayUsec          85F2 
               calls direct
               CSTACK = 00000000 ( 00000006 )
    -------------------------------------------------------------------------
<CODE> 1 (was CODE)
  Relative segment, address: 8612 - 8617 (0x6 bytes), align: 1
  Segment part 71.            Intra module refs:   MRFI_Init
                                                   MRFI_RxAddrIsFiltered
                                                   Mrfi_DelayUsec
                                                   Mrfi_SyncPinRxIsr
           LOCAL                   ADDRESS         
           =====                   =======         
           ?Subroutine2            8612 
    -------------------------------------------------------------------------
<CODE> 1 (was CODE)
  Relative segment, address: 8618 - 8623 (0xc bytes), align: 1
  Segment part 72.            Intra module refs:   Mrfi_DelayUsec
           LOCAL                   ADDRESS         
           =====                   =======         
           ?Subroutine9            8618 
    -------------------------------------------------------------------------
<CODE> 1 (was CODE)
  Relative segment, address: 8624 - 863B (0x18 bytes), align: 1
  Segment part 73.
           ENTRY                   ADDRESS         REF BY
           =====                   =======         ======
           MRFI_DelayMs            8624            SMPL_LinkListen (nwk_api)
                                                   nwk_replayFrame (nwk_frame)
               calls direct
               CSTACK = 00000000 ( 00000004 )
    -------------------------------------------------------------------------
<CODE> 1 (was CODE)
  Relative segment, address: 863C - 8651 (0x16 bytes), align: 1
  Segment part 74.            Intra module refs:   MRFI_Transmit
           ENTRY                   ADDRESS         REF BY
           =====                   =======         ======
           MRFI_RandomByte         863C            nwk_frameInit (nwk_frame)
                                                   nwk_joinInit (nwk_join)
                                                   nwk_linkInit (nwk_link)
                                                   nwk_mgmtInit (nwk_mgmt)
                                                   nwk_pingInit (nwk_ping)
               CSTACK = 00000000 ( 00000002 )
    -------------------------------------------------------------------------
<CODE> 1 (was CODE)
  Relative segment, address: 8652 - 866B (0x1a bytes), align: 1
  Segment part 75.
           ENTRY                   ADDRESS         REF BY
           =====                   =======         ======
           MRFI_Rssi               8652            nwk_radioControl (nwk_ioctl)
               calls direct
               CSTACK = 00000000 ( 00000004 )
    -------------------------------------------------------------------------
<CODE> 1 (was CODE)
  Relative segment, address: 866C - 86AD (0x42 bytes), align: 1
  Segment part 76.
           ENTRY                   ADDRESS         REF BY
           =====                   =======         ======
           MRFI_WakeUp             866C            SMPL_Init (nwk_api)
                                                   SMPL_LinkListen (nwk_api)
                                                   nwk_radioControl (nwk_ioctl)
               calls direct
               CSTACK = 00000000 ( 00000002 )
    -------------------------------------------------------------------------
<CODE> 1 (was CODE)
  Relative segment, address: 86AE - 86C5 (0x18 bytes), align: 1
  Segment part 77.            Intra module refs:   MRFI_WakeUp
                                                   Mrfi_RxModeOff
           LOCAL                   ADDRESS         
           =====                   =======         
           ?Subroutine11           86AE 
    -------------------------------------------------------------------------
<CODE> 1 (was CODE)
  Relative segment, address: 86C6 - 86D5 (0x10 bytes), align: 1
  Segment part 78.            Intra module refs:   MRFI_Sleep
           ENTRY                   ADDRESS         REF BY
           =====                   =======         ======
           MRFI_RxIdle             86C6            SMPL_LinkListen (nwk_api)
                                                   nwk_radioControl (nwk_ioctl)
               calls direct
               CSTACK = 00000000 ( 00000002 )
    -------------------------------------------------------------------------
<CODE> 1 (was CODE)
  Relative segment, address: 86D6 - 86F5 (0x20 bytes), align: 1
  Segment part 79.
           ENTRY                   ADDRESS         REF BY
           =====                   =======         ======
           MRFI_Sleep              86D6            SMPL_LinkListen (nwk_api)
                                                   nwk_radioControl (nwk_ioctl)
               calls direct
               CSTACK = 00000000 ( 00000002 )
    -------------------------------------------------------------------------
<CODE> 1 (was CODE)
  Relative segment, address: 86F6 - 8707 (0x12 bytes), align: 1
  Segment part 80.
           ENTRY                   ADDRESS         REF BY
           =====                   =======         ======
           MRFI_RxOn               86F6            SMPL_Init (nwk_api)
                                                   SMPL_LinkListen (nwk_api)
                                                   nwk_radioControl (nwk_ioctl)
               calls direct
               CSTACK = 00000000 ( 00000002 )
    -------------------------------------------------------------------------
<CODE> 1 (was CODE)
  Relative segment, address: 8708 - 871B (0x14 bytes), align: 1
  Segment part 81.            Intra module refs:   MRFI_RxIdle
                                                   MRFI_RxOn
           LOCAL                   ADDRESS         
           =====                   =======         
           ?Subroutine6            8708 
    -------------------------------------------------------------------------
<CODE> 1 (was CODE)
  Relative segment, address: 871C - 8727 (0xc bytes), align: 1
  Segment part 82.
           ENTRY                   ADDRESS         REF BY
           =====                   =======         ======
           MRFI_Receive            871C            MRFI_RxCompleteISR (nwk_frame)
               CSTACK = 00000000 ( 00000002 )
    -------------------------------------------------------------------------
<CODE> 1 (was CODE)
  Relative segment, address: 8728 - 87FB (0xd4 bytes), align: 1
  Segment part 83.
           ENTRY                   ADDRESS         REF BY
           =====                   =======         ======
           MRFI_Transmit           8728            nwk_SendEmptyPollRspFrame (nwk_frame)
                                                   nwk_sendFrame (nwk_frame)
               calls direct and indirect
               CSTACK = 00000000 ( 0000000A )
    -------------------------------------------------------------------------
<CODE> 1 (was CODE)
  Relative segment, address: 87FC - 881B (0x20 bytes), align: 1
  Segment part 84.            Intra module refs:   MRFI_Rssi
                                                   MRFI_Transmit
           LOCAL                   ADDRESS         
           =====                   =======         
           ?Subroutine14           87FC 
    -------------------------------------------------------------------------
<CODE> 1 (was CODE)
  Relative segment, address: 881C - 8955 (0x13a bytes), align: 1
  Segment part 85.
           ENTRY                   ADDRESS         REF BY
           =====                   =======         ======
           MRFI_Init               881C            SMPL_Init (nwk_api)
               calls direct and indirect
               CSTACK = 00000000 ( 00000006 )
    -------------------------------------------------------------------------
<CODE> 1 (was CODE)
  Relative segment, address: A5A6 - A5B5 (0x10 bytes), align: 1
  Segment part 86.            Intra module refs:   MRFI_Init
                                                   MRFI_Rssi
                                                   MRFI_Transmit
                                                   Mrfi_SyncPinRxIsr
                                                   mrfiSpiWriteReg
           LOCAL                   ADDRESS         
           =====                   =======         
           ?Subroutine3            A5A6 
    -------------------------------------------------------------------------
<CODE> 1 (was CODE)
  Relative segment, address: A2A6 - A2CD (0x28 bytes), align: 1
  Segment part 33.            Intra module refs:   MRFI_Rssi
                                                   Mrfi_SyncPinRxIsr
           LOCAL                   ADDRESS         
           =====                   =======         
           Mrfi_CalculateRssi      A2A6 
               CSTACK = 00000000 ( 00000002 )
    -------------------------------------------------------------------------
INTVEC
  Common segment, address: FFE0 - FFE7 (0x8 bytes), align: 1
  Segment part 17. ROOT.
           ENTRY                   ADDRESS         REF BY
           =====                   =======         ======
           BSP_GpioPort1Isr::??INTVEC 6
                                   FFE6 
    -------------------------------------------------------------------------
CSTACK
  Segment part 18. NOT NEEDED.
    -------------------------------------------------------------------------
DATA16_ID
  Relative segment, address: 8240 - 8243 (0x4 bytes), align: 0
  Segment part 32.            Intra module refs:   mrfiRxFilterAddr
    -------------------------------------------------------------------------
CODE
  Segment part 87. TENTATIVE. Used definition from bsp
           ENTRY                   ADDRESS         REF BY
           =====                   =======         ======
           ?setjmp_save_r4         
    -------------------------------------------------------------------------
CODE
  Segment part 88. TENTATIVE. Used definition from bsp
           ENTRY                   ADDRESS         REF BY
           =====                   =======         ======
           ?setjmp_save_r5         

    *************************************************************************

  FILE NAME : C:\Users\Raúl\Desktop\Projecte\Provant - descobrint com s'envia la info\eZ430-RF2500 Wireless Sensor Monitor\Embedded\IAR\CC2500 Sensor Demo-Access Point\Obj\nwk.r43
  PROGRAM MODULE, NAME : nwk

  SEGMENTS IN THE MODULE
  ======================
DATA16_I
  Relative segment, address: 0206 - 027D (0x78 bytes), align: 0
  Segment part 2.             Intra module refs:   initializeConnection
                                                   map_lid2idx
                                                   nwk_allocateLocalRxPort
                                                   nwk_findAlreadyJoined
                                                   nwk_findPeer
                                                   nwk_getConnInfo
                                                   nwk_getNextConnection
                                                   nwk_getSFInfoPtr
                                                   nwk_isConnectionValid
                                                   nwk_isLinkDuplicate
                                                   nwk_nwkInit
                                                   nwk_saveJoinedDevice
           LOCAL                   ADDRESS         
           =====                   =======         
           sPersistInfo            0206 
    -------------------------------------------------------------------------
<CODE> 1 (was CODE)
  Relative segment, address: 99EA - 9A6F (0x86 bytes), align: 1
  Segment part 28.
           ENTRY                   ADDRESS         REF BY
           =====                   =======         ======
           nwk_nwkInit             99EA            SMPL_Init (nwk_api)
               calls direct
               CSTACK = 00000000 ( 00000004 )
    -------------------------------------------------------------------------
<CODE> 1 (was CODE)
  Relative segment, address: 9D38 - 9D83 (0x4c bytes), align: 1
  Segment part 27.
           ENTRY                   ADDRESS         REF BY
           =====                   =======         ======
           nwk_getNextConnection   9D38            smpl_send_link_reply (nwk_link)
               calls direct
               CSTACK = 00000000 ( 00000004 )
    -------------------------------------------------------------------------
<CODE> 1 (was CODE)
  Relative segment, address: 94BA - 94C1 (0x8 bytes), align: 1
  Segment part 14.            Intra module refs:   nwk_isConnectionValid
                                                   nwk_saveJoinedDevice
           LOCAL                   ADDRESS         
           =====                   =======         
           ?Subroutine1            94BA 
    -------------------------------------------------------------------------
<CODE> 1 (was CODE)
  Relative segment, address: 94C2 - 94C3 (0x2 bytes), align: 1
  Segment part 15.            Intra module refs:   ?Subroutine1
                                                   nwk_allocateLocalRxPort
                                                   nwk_isLinkDuplicate
    -------------------------------------------------------------------------
<CODE> 1 (was CODE)
  Relative segment, address: 94C4 - 94CD (0xa bytes), align: 1
  Segment part 16.            Intra module refs:   ?Subroutine1
                                                   ?Subroutine2
                                                   Segment part 15
           LOCAL                   ADDRESS         
           =====                   =======         
           ?Subroutine3            94C4 
    -------------------------------------------------------------------------
<CODE> 1 (was CODE)
  Relative segment, address: 94CE - 94F3 (0x26 bytes), align: 1
  Segment part 17.
           ENTRY                   ADDRESS         REF BY
           =====                   =======         ======
           nwk_checkConnInfo       94CE            SMPL_Receive (nwk_api)
               CSTACK = 00000000 ( 00000002 )
    -------------------------------------------------------------------------
<CODE> 1 (was CODE)
  Relative segment, address: 94F4 - 9521 (0x2e bytes), align: 1
  Segment part 18.            Intra module refs:   nwk_findAlreadyJoined
                                                   nwk_getNextConnection
           LOCAL                   ADDRESS         
           =====                   =======         
           initializeConnection    94F4 
               calls direct
               CSTACK = 00000000 ( 00000004 )
    -------------------------------------------------------------------------
<CODE> 1 (was CODE)
  Relative segment, address: 9522 - 9553 (0x32 bytes), align: 1
  Segment part 19.
           ENTRY                   ADDRESS         REF BY
           =====                   =======         ======
           nwk_findAlreadyJoined   9522            smpl_send_link_reply (nwk_link)
               calls direct
               CSTACK = 00000000 ( 00000008 )
    -------------------------------------------------------------------------
<CODE> 1 (was CODE)
  Relative segment, address: 9554 - 95A3 (0x50 bytes), align: 1
  Segment part 20.
           ENTRY                   ADDRESS         REF BY
           =====                   =======         ======
           nwk_saveJoinedDevice    9554            smpl_send_join_reply (nwk_join)
               calls direct
               CSTACK = 00000000 ( 0000000A )
    -------------------------------------------------------------------------
<CODE> 1 (was CODE)
  Relative segment, address: 95A4 - 95A9 (0x6 bytes), align: 1
  Segment part 21.
           ENTRY                   ADDRESS         REF BY
           =====                   =======         ======
           nwk_getSFInfoPtr        95A4            nwk_joinInit (nwk_join)
               CSTACK = 00000000 ( 00000002 )
    -------------------------------------------------------------------------
CODE
  Segment part 22. NOT NEEDED.
           ENTRY                   ADDRESS         REF BY
           =====                   =======         ======
           nwk_findAddressMatch    
               calls direct
    -------------------------------------------------------------------------
<CODE> 1 (was CODE)
  Relative segment, address: 95AA - 95B5 (0xc bytes), align: 1
  Segment part 23.            Intra module refs:   nwk_findAlreadyJoined
           LOCAL                   ADDRESS         
           =====                   =======         
           ?Subroutine2            95AA 
    -------------------------------------------------------------------------
<CODE> 1 (was CODE)
  Relative segment, address: A64A - A64F (0x6 bytes), align: 1
  Segment part 26.
           ENTRY                   ADDRESS         REF BY
           =====                   =======         ======
           nwk_freeConnection      A64A            nwk_connectionControl (nwk_ioctl)
                                                   smpl_send_link_reply (nwk_link)
                                                   smpl_send_unlink_reply (nwk_link)
               CSTACK = 00000000 ( 00000002 )
    -------------------------------------------------------------------------
<CODE> 1 (was CODE)
  Relative segment, address: A252 - A27D (0x2c bytes), align: 1
  Segment part 25.
           ENTRY                   ADDRESS         REF BY
           =====                   =======         ======
           nwk_getConnInfo         A252            SMPL_Receive (nwk_api)
                                                   nwk_QfindOldest (nwk_QMgmt)
                                                   nwk_connectionControl (nwk_ioctl)
                                                   nwk_radioControl (nwk_ioctl)
                                                   nwk_retrieveFrame (nwk_frame)
               calls direct
               CSTACK = 00000000 ( 00000004 )
    -------------------------------------------------------------------------
<CODE> 1 (was CODE)
  Relative segment, address: 9F90 - 9FC9 (0x3a bytes), align: 1
  Segment part 24.
           ENTRY                   ADDRESS         REF BY
           =====                   =======         ======
[...]
        |  Already listed
  02    COM_Init
        | Stack used (prev) :  00000088
        | + function block  :  00000002
  03      memcpy
          | Stack used (prev) :  0000004E
          | + function block  :  00000004
          |  Already listed
  03      nwk_getLinkToken
          | Stack used (prev) :  0000004E
          | + function block  :  00000002
          |  Already listed
  03      nwk_setLinkToken
          | Stack used (prev) :  00000088
          | + function block  :  00000002
  03      nwk_getJoinToken
          | Stack used (prev) :  00000088
          | + function block  :  00000002
  03      nwk_setJoinToken
          | Stack used (prev) :  00000088
          | + function block  :  00000002
  04        nwk_getConnInfo
            | Stack used (prev) :  00000050
            | + function block  :  00000004
            |  Already listed
  04        nwk_freeConnection
            | Stack used (prev) :  0000004E
            | + function block  :  00000002
            |  Already listed
  03      nwk_connectionControl
          | Stack used (prev) :  00000088
          | + function block  :  00000002
  04        memcpy
            | Stack used (prev) :  0000004E
            | + function block  :  00000004
            |  Already listed
  04        nwk_sendFrame
            | Stack used (prev) :  0000001C
            | + function block  :  00000004
            |  Already listed
  04        nwk_buildFrame
            | Stack used (prev) :  00000052
            | + function block  :  0000000C
            |  Already listed
  03      nwk_rawSend
          | Stack used (prev) :  00000088
          | + function block  :  00000006
  05          memcpy
              | Stack used (prev) :  0000004E
              | + function block  :  00000004
              |  Already listed
  05          nwk_QfindOldest
              | Stack used (prev) :  00000054
              | + function block  :  00000016
              |  Already listed
  05          nwk_QadjustOrder
              | Stack used (prev) :  00000008
              | + function block  :  00000002
              |  Already listed
  05          nwk_getConnInfo
              | Stack used (prev) :  00000050
              | + function block  :  00000004
              |  Already listed
  04        nwk_retrieveFrame
            | Stack used (prev) :  00000088
            | + function block  :  00000010
  03      nwk_rawReceive
          | Stack used (prev) :  00000098
          | + function block  :  00000008
  04        memcpy
            | Stack used (prev) :  0000004E
            | + function block  :  00000004
            |  Already listed
  04        nwk_getConnInfo
            | Stack used (prev) :  00000050
            | + function block  :  00000004
            |  Already listed
  05          Mrfi_RxModeOn
              | Stack used (prev) :  0000000A
              | + function block  :  00000002
              |  Already listed
  04        MRFI_RxOn
            | Stack used (prev) :  00000088
            | + function block  :  00000002
  06            Mrfi_RxModeOff
                | Stack used (prev) :  0000000A
                | + function block  :  00000002
                |  Already listed
  05          MRFI_RxIdle
              | Stack used (prev) :  00000088
              | + function block  :  00000002
  05          mrfiSpiCmdStrobe
              | Stack used (prev) :  00000008
              | + function block  :  00000002
              |  Already listed
  04        MRFI_Sleep
            | Stack used (prev) :  0000008A
            | + function block  :  00000002
  04        MRFI_RxIdle
            | Stack used (prev) :  00000088
            | + function block  :  00000002
            |  Already listed
  05          mrfiSpiWriteReg
              | Stack used (prev) :  0000000A
              | + function block  :  00000002
              |  Already listed
  05          mrfiSpiWriteReg
              | Stack used (prev) :  0000000A
              | + function block  :  00000002
              |  Already listed
  05          mrfiSpiWriteReg
              | Stack used (prev) :  0000000A
              | + function block  :  00000002
              |  Already listed
  05          mrfiSpiCmdStrobe
              | Stack used (prev) :  00000008
              | + function block  :  00000002
              |  Already listed
  05          mrfiSpiCmdStrobe
              | Stack used (prev) :  00000008
              | + function block  :  00000002
              |  Already listed
  04        MRFI_WakeUp
            | Stack used (prev) :  00000088
            | + function block  :  00000002
  05          Mrfi_CalculateRssi
              | Stack used (prev) :  00000008
              | + function block  :  00000002
              |  Already listed
  05          Mrfi_DelayUsec
              | Stack used (prev) :  0000000C
              | + function block  :  00000006
              |  Already listed
  05          mrfiSpiReadReg
              | Stack used (prev) :  0000000A
              | + function block  :  00000002
              |  Already listed
  05          mrfiSpiReadReg
              | Stack used (prev) :  0000000A
              | + function block  :  00000002
              |  Already listed
  04        MRFI_Rssi
            | Stack used (prev) :  00000088
            | + function block  :  00000004
  05          Mrfi_RxModeOff
              | Stack used (prev) :  0000000A
              | + function block  :  00000002
              |  Already listed
  05          Mrfi_RxModeOn
              | Stack used (prev) :  0000000A
              | + function block  :  00000002
              |  Already listed
  05          mrfiSpiWriteReg
              | Stack used (prev) :  0000000A
              | + function block  :  00000002
              |  Already listed
  04        MRFI_SetRFPwr
            | Stack used (prev) :  00000088
            | + function block  :  00000002
  03      nwk_radioControl
          | Stack used (prev) :  0000008C
          | + function block  :  00000006
  04        nwk_setJoinContext
            | Stack used (prev) :  00000088
            | + function block  :  00000002
  03      nwk_joinContext
          | Stack used (prev) :  0000008A
          | + function block  :  00000002
  04        memcpy
            | Stack used (prev) :  0000004E
            | + function block  :  00000004
            |  Already listed
  05          memcpy
              | Stack used (prev) :  0000004E
              | + function block  :  00000004
              |  Already listed
  04        nwk_setMyAddress
            | Stack used (prev) :  00000088
            | + function block  :  00000002
  04        nwk_getMyAddress
            | Stack used (prev) :  0000004E
            | + function block  :  00000002
            |  Already listed
  03      nwk_deviceAddress
          | Stack used (prev) :  0000008A
          | + function block  :  00000006
  03      nwk_getProtocolVersion
          | Stack used (prev) :  0000004E
          | + function block  :  00000002
          |  Already listed
  03      nwk_getFWVersion
          | Stack used (prev) :  00000088
          | + function block  :  00000002
  03      nwk_NVObj
          | Stack used (prev) :  00000088
          | + function block  :  00000002
  02    SMPL_Ioctl
        | Stack used (prev) :  000000A0
        | + function block  :  00000006
  03      nwk_retrieveFrame
          | Stack used (prev) :  00000088
          | + function block  :  00000010
          |  Already listed
  03      nwk_getConnInfo
          | Stack used (prev) :  00000050
          | + function block  :  00000004
          |  Already listed
  03      nwk_checkConnInfo
          | Stack used (prev) :  00000088
          | + function block  :  00000002
  02    SMPL_Receive
        | Stack used (prev) :  00000098
        | + function block  :  0000000E
  03      nwk_setListenContext
          | Stack used (prev) :  00000088
          | + function block  :  00000002
  04        nwk_setListenContext
            | Stack used (prev) :  00000088
            | + function block  :  00000002
            |  Already listed
  03      nwk_getLocalLinkID
          | Stack used (prev) :  0000008A
          | + function block  :  00000002
  03      MRFI_RxOn
          | Stack used (prev) :  00000088
          | + function block  :  00000002
          |  Already listed
  03      MRFI_Sleep
          | Stack used (prev) :  0000008A
          | + function block  :  00000002
          |  Already listed
  03      MRFI_RxIdle
          | Stack used (prev) :  00000088
          | + function block  :  00000002
          |  Already listed
  03      MRFI_WakeUp
          | Stack used (prev) :  00000088
          | + function block  :  00000002
          |  Already listed
  03      MRFI_DelayMs
          | Stack used (prev) :  00000012
          | + function block  :  00000004
          |  Already listed
  03      MRFI_GetRadioState
          | Stack used (prev) :  00000088
          | + function block  :  00000002
  02    SMPL_LinkListen
        | Stack used (prev) :  0000008C
        | + function block  :  0000000A
  03      nwk_join
          | Stack used (prev) :  00000088
          | + function block  :  00000002
  04        memset
            | Stack used (prev) :  00000008
            | + function block  :  00000004
            |  Already listed
  04        memcpy
            | Stack used (prev) :  0000004E
            | + function block  :  00000004
            |  Already listed
  04        nwk_securityInit
            | Stack used (prev) :  00000088
            | + function block  :  00000002
  05          MRFI_RandomByte
              | Stack used (prev) :  00000008
              | + function block  :  00000002
              |  Already listed
  04        nwk_pingInit
            | Stack used (prev) :  00000088
            | + function block  :  00000002
  05          memset
              | Stack used (prev) :  00000008
              | + function block  :  00000004
              |  Already listed
  05          MRFI_RandomByte
              | Stack used (prev) :  00000008
              | + function block  :  00000002
              |  Already listed
  04        nwk_mgmtInit
            | Stack used (prev) :  00000088
            | + function block  :  00000002
  05          memset
              | Stack used (prev) :  00000008
              | + function block  :  00000004
              |  Already listed
  05          MRFI_RandomByte
              | Stack used (prev) :  00000008
              | + function block  :  00000002
              |  Already listed
  04        nwk_linkInit
            | Stack used (prev) :  00000088
            | + function block  :  00000002
  05          nwk_setLinkToken
              | Stack used (prev) :  00000088
              | + function block  :  00000002
              |  Already listed
  05          nwk_getSFInfoPtr
              | Stack used (prev) :  00000088
              | + function block  :  00000002
  05          MRFI_RandomByte
              | Stack used (prev) :  00000008
              | + function block  :  00000002
              |  Already listed
  04        nwk_joinInit
            | Stack used (prev) :  0000008A
            | + function block  :  00000002
  04        nwk_getBCastAddress
            | Stack used (prev) :  00000008
            | + function block  :  00000002
            |  Already listed
  05          memset
              | Stack used (prev) :  00000008
              | + function block  :  00000004
              |  Already listed
  05          memcpy
              | Stack used (prev) :  0000004E
              | + function block  :  00000004
              |  Already listed
  04        nwk_globalsInit
            | Stack used (prev) :  00000088
            | + function block  :  00000002
  04        nwk_freqInit
            | Stack used (prev) :  00000088
            | + function block  :  00000002
  05          nwk_getMyAddress
              | Stack used (prev) :  0000004E
              | + function block  :  00000002
              |  Already listed
  05          MRFI_RandomByte
              | Stack used (prev) :  00000008
              | + function block  :  00000002
              |  Already listed
  04        nwk_frameInit
            | Stack used (prev) :  00000088
            | + function block  :  00000002
  05          memset
              | Stack used (prev) :  00000008
              | + function block  :  00000004
              |  Already listed
  04        nwk_QInit
            | Stack used (prev) :  00000088
            | + function block  :  00000002
  03      nwk_nwkInit
          | Stack used (prev) :  0000008C
          | + function block  :  00000004
  04        memset
            | Stack used (prev) :  00000008
            | + function block  :  00000004
            |  Already listed
  04        Mrfi_DelayUsec
            | Stack used (prev) :  0000000C
            | + function block  :  00000006
            |  Already listed
  04        Mrfi_DelayUsec
            | Stack used (prev) :  0000000C
            | + function block  :  00000006
            |  Already listed
  04        Mrfi_DelayUsec
            | Stack used (prev) :  0000000C
            | + function block  :  00000006
            |  Already listed
  04        mrfiSpiInit
            | Stack used (prev) :  00000088
            | + function block  :  00000002
  05          Mrfi_RxModeOff
              | Stack used (prev) :  0000000A
              | + function block  :  00000002
              |  Already listed
  05          Mrfi_RxModeOn
              | Stack used (prev) :  0000000A
              | + function block  :  00000002
              |  Already listed
  05          mrfiSpiWriteReg
              | Stack used (prev) :  0000000A
              | + function block  :  00000002
              |  Already listed
  04        MRFI_SetLogicalChannel
            | Stack used (prev) :  00000088
            | + function block  :  00000002
  04        MRFI_SetRFPwr
            | Stack used (prev) :  00000088
            | + function block  :  00000002
            |  Already listed
  04        Mrfi_RxModeOff
            | Stack used (prev) :  0000000A
            | + function block  :  00000002
            |  Already listed
  04        mrfiSpiWriteReg
            | Stack used (prev) :  0000000A
            | + function block  :  00000002
            |  Already listed
  04        mrfiSpiWriteReg
            | Stack used (prev) :  0000000A
            | + function block  :  00000002
            |  Already listed
  04        mrfiSpiWriteReg
            | Stack used (prev) :  0000000A
            | + function block  :  00000002
            |  Already listed
  04        mrfiSpiReadReg
            | Stack used (prev) :  0000000A
            | + function block  :  00000002
            |  Already listed
  04        mrfiSpiReadReg
            | Stack used (prev) :  0000000A
            | + function block  :  00000002
            |  Already listed
  04        mrfiSpiReadReg
            | Stack used (prev) :  0000000A
            | + function block  :  00000002
            |  Already listed
  04        mrfiSpiCmdStrobe
            | Stack used (prev) :  00000008
            | + function block  :  00000002
            |  Already listed
  03      MRFI_Init
          | Stack used (prev) :  0000008A
          | + function block  :  00000006
  03      MRFI_RxOn
          | Stack used (prev) :  00000088
          | + function block  :  00000002
          |  Already listed
  03      MRFI_WakeUp
          | Stack used (prev) :  00000088
          | + function block  :  00000002
          |  Already listed
  02    SMPL_Init
        | Stack used (prev) :  00000090
        | + function block  :  00000004
  03      BSP_InitButtons
          | Stack used (prev) :  00000088
          | + function block  :  00000002
  03      BSP_InitLeds
          | Stack used (prev) :  00000088
          | + function block  :  00000002
  03      BSP_InitBoard
          | Stack used (prev) :  00000088
          | + function block  :  00000002
  02    BSP_Init
        | Stack used (prev) :  0000008A
        | + function block  :  00000004
  01  main
      | Stack used (prev) :  000000D2
      | + function block  :  0000002C
  <-Sub-tree of type: Function tree
    | Stack used          :  000000FE


  ->Sub-tree of type: Function tree
                             CSTACK
    | Stack used (prev) :  000000FE
  01  exit
      | Stack used (prev) :  000000FE
      | + function block  :  00000002
  <-Sub-tree of type: Function tree
    | Stack used          :  00000100


  ->Sub-tree of type: Function tree
                             CSTACK
    | Stack used (prev) :  00000100
  01  __data16_memzero
      | Stack used (prev) :  00000100
      | + function block  :  00000002
  <-Sub-tree of type: Function tree
    | Stack used          :  00000102


  ->Sub-tree of type: Function tree
                             CSTACK
    | Stack used (prev) :  00000102
  02    memcpy
        | Stack used (prev) :  0000004E
        | + function block  :  00000004
        |  Already listed
  01  __data16_memcpy
      | Stack used (prev) :  00000102
      | + function block  :  00000002
  <-Sub-tree of type: Function tree
    | Stack used          :  00000104




                ****************************************
                *                                      *
                *      SEGMENTS IN ADDRESS ORDER       *
                *                                      *
                ****************************************


SEGMENT              SPACE    START ADDRESS   END ADDRESS     SIZE  TYPE  ALIGN
=======              =====    =============   ===========     ====  ====  =====
DATA16_AN                              0001 - 0001               1   rel    0
                                       0003 - 0003               1 
                                       0018 - 001B               4 
                                       0020 - 0022               3 
                                       0027 - 0028               2 
                                       002B - 002E               4 
                                       0053 - 0053               1 
                                       0056 - 0057               2 
                                       0061 - 0064               4 
                                       0066 - 006B               6 
                                       006E - 006F               2 
                                       0120 - 0121               2 
                                       0160 - 0163               4 
                                       0172 - 0173               2 
                                       01B0 - 01B5               6 
DATA16_I                               0200 - 027E              7F   rel    1
DATA16_Z                               0280 - 03AE             12F   rel    1
CSTACK                                 0538 - 05FF              C8   rel    1
DATA16_AN                              10FC - 10FD               2   rel    0
DATA16_C                               8000 - 823D             23E   rel    1
DATA16_ID                              823E - 82BC              7F   rel    1
CSTART                                 82BE - 82ED              30   rel    1
<CODE> 1                               82EE - A67B            238E   rel    1
INTVEC                                 FFE0 - FFF3              14   com    1
RESET                                  FFFE - FFFF               2   rel    1

                ****************************************
                *                                      *
                *        END OF CROSS REFERENCE        *
                *                                      *
                ****************************************

 9 172 bytes of CODE  memory
   630 bytes of DATA  memory (+ 46 absolute )
   701 bytes of CONST memory

Errors: none
Warnings: none

